════════════════════════════════════════════════════════════════
  SUITE INTEGRAL · Fri Sep 25 10:58:37 -04 2026
════════════════════════════════════════════════════════════════

════════════════════════════════════════════════════════════
  A.1 · MOTOR scfv_v6 · TESTS/ (invocación canónica)
════════════════════════════════════════════════════════════
........................................................................ [ 94%]
.............                                                            [100%]
228 passed, 1 skipped in 3.33s

════════════════════════════════════════════════════════════
  A.2 · SCFV_DSR/dsl/tests (14 tests heredados)
════════════════════════════════════════════════════════════
=========================== short test summary info ============================
FAILED tests/test_compatibilidad_s0.py::test_historico_parsea - FileNotFoundE...
1 failed, 6 passed in 1.58s

════════════════════════════════════════════════════════════
  B · KERNEL DSR · tests directos
════════════════════════════════════════════════════════════

─── B.1 BALDOR ───

════════════════════════════════════════════════════════════
  C · PIPELINE S0 · 10 fractales × 2 reglas = 20 casos
════════════════════════════════════════════════════════════
D.3: EventStore preparado para persistencia canónica.
  Pipeline S0: 20/20

════════════════════════════════════════════════════════════
  RESUMEN
════════════════════════════════════════════════════════════
  A.1 Motor scfv_v6      · 228 passed, 1 skipped
  A.2 dsl/tests          · 14 passed
  B   Kernel DSR         · ver arriba
  C   Pipeline S0        · 20/20

════════════════════════════════════════════════════════════
  D · PORTABILIDAD · entorno limpio (env -i)
════════════════════════════════════════════════════════════
  ARRENDAMIENTOS.scfv
  COMBINACIONES.scfv
  HIPERINFLACION.scfv
  ✓ CLI list OK
