=== H1-E · cobertura real del raw de Baldor · 2026-09-24 ===
════ I · índice completo de capítulos ════
2049:cualquiera en el plano. En el capítulo XXXII se presentará una discusión
3110:cAPITULO |||
3409:CAPITULO
4269:Tratándosc de más de dos Factores aplicamos las reglas generales que CAPITULO v
5401:cAPITULO v

════ II · potencias · exponentes ════
101:en Aritmética: Suma, Resta, Multiplicación, División, Elevación a Poten-
129:El Signo de la Elevación a Potencia es el exponente,
135:Cuando una letra no tiene exponente, su exponente es la unidad,
615:Grado absoluto de un término es la suma de los exponentes de sus
618:la suma de los exponentes de sus factores literales es 1+1=2; el término
619:a*b es de tercer grado porque la suma de los exponentes de sus factores
623:El grado de un término con relación a una letra es el exponente de
748:los exponentes sucesivos de dicha letra, desde el más alto al más bajo que
750:€s completo respecto de la x, porque contiene todos los exponentes sucesi-
755:cual los exponentes de una letra escogida, llamada letra ordenatriz, van
790:que tiene esa letra con exponente cero, porque como se verá más adelante,
860:ral, o sca, cuando tienen iguales letras afectadas de iguales exponentes,
863:iguales letras, éstas no tienen los mismos exponentes, ya que la a del prk
864:mero tiene de exponente 1 y la a del segundo tiene de exponente 2.
867:mismos exponentes, las letras no son iguales.
1658:la división, la potenciación, la logaritmación y la radicación. Conviene ir
1913:POTENCIA DE MUMEROS HELATIVOS
1915:Ltamamos potencia de un número relativo al producto
1922:En la notación a"=x, Hamamos potencia al producto x, base al
1924:húmero que tomamos como factor a, y exponente a n, que nos indica

════ III · progresiones ════

════ IV · interés compuesto / interés ════

════ V · logaritmos ════

════ VI · raíces / radicales ════
138:El Signo de Raíz es V, llamado signo radical, y bajo este signo se co-
139:loca la cantidad a la cual se le extrac la raíz. - Asi, Va equivale a raíz cua-
141:tidad a; Yb equivale a raíz cúbica de b, o sea la cantidad que elevada
633:' Término racional es el que no tiene radical, como los ejemplos anté-
634:riores, e irracional el que tiene radical, como Vab, -,a—.
652:si tienen o no denominador y a si tienen o no radical:
741:cuando no contiene radicales, como en los ejemplos anteriores; irracional
742:cuando contiene radical, como Va+Vb—ve-Vabc; homogéneo cuando to-
1635:a expresión del resultado de la radicación inexacta, Y también, los números
1658:la división, la potenciación, la logaritmación y la radicación. Conviene ir

════ VII · sistemas de ecuaciones (moneda extranjera) ════
1460:lizaran la sistematización de los conocimientos matemáticos, los babilonios

════ VIII · regla de tres / proporciones ════
384:sube a razón de 49 por hora. Expresar la temperatura a las 7 a,m., a
388:a razón de 2e [)ur hora y de 11 a.m. a 2 p.m. sube a razón de 49 por
419:to A y luego retrocede en la misma dirección a razón de 15 m. por segun-
427:negativo) a razón de 15 m, por segundo; luego, en el primer segundo se
456:4 Si corro a la izquierda del punto 3 a razón de 6 m, por segundo, ¿a
490:ceder en la misma dirección, a razón de 30 m. por seg. Expresar $u
494:a razón de 60 Km. por hora, ¿A qué distancia se halla del punto M
1633:Jos números irracionales, introducidos como razón de <Em tos con el
4624:RAZON DE LA REGLA APLICADA
5278:a razón de 37 por hora. Expresar la temperatura a las 8 a.m., 9 a..

════ IX · total líneas ════
  5634 185043 /data/data/com.termux/files/home/.baldor_algebra_raw.txt

════ X · buscar 'redondeo' o equivalente ════
