════ B40 · recuperación de 4 fórmulas · Thu Sep 24 22:02:48 -04 2026 ════

════ F1 · FÓRMULA GENERAL CUADRÁTICA ════
--- localizar en raw ---
26890:y aplicando la fórmula general;
26920:verse por la fórmula general con sólo suponer en ésta que a= 1, pero existe
27080:méricas, por la fórmula general o por descomposición en factores, En
27157:A igual resultado se llega aplicando la fórmula general a esta ecuación
27741:ax? 4 bx+e =0 y resolverse aplicando la fórmula general, pero este proce-
28736:La fórmula general de — “
29475:resuitado idéntico al obtenido con la fórmula general de lo razán.

--- localizar página del PDF ---
27127:  PÁGINA 227 — ALGEBRA DE BALDOR
27000:  PÁGINA 226 — ALGEBRA DE BALDOR

════ F2 · SUMA PROGRESIÓN GEOMÉTRICA ════

--- páginas alrededor de progresiones geométricas (L29657+) ---
29715:  PÁGINA 250 — ALGEBRA DE BALDOR
29818:  PÁGINA 251 — ALGEBRA DE BALDOR
29931:  PÁGINA 252 — ALGEBRA DE BALDOR
30052:  PÁGINA 253 — ALGEBRA DE BALDOR
30164:  PÁGINA 254 — ALGEBRA DE BALDOR

════ F3 · LOGARITMO DE COCIENTE ════
30253:GÍ.-1] LOGARITMO DE UN PRODUCTO
30286:i::© LOGARITMO DE UN COCIENTE
--- línea L30730 contexto ---
IDEL sin usar la hable.

Tenemos: 1E=7 X5
lg 102= 2[ log 2| 4 3[0c ]
= [Ú_:]U'I-ÚEID] -E A PO477 12 |
= E.Q_D2ÚÚÚL 141263

Sic busco en la dobla log 104 5e encuentro 2.033444. La diferencio oniña
esté log y el que hemos hallado sín usar la tabla obedace a que las legí-
riimos dados de 7 y 3 no 106 rigurosamente exachos.


════════════════════════════════════════════════════════════════
  PÁGINA 259 — ALGEBRA DE BALDOR
════════════════════════════════════════════════════════════════
516 F acenna

(21 Dado log 115= 2060698 y lag 5= 0678970 hallar lg 23.
115

?3='T.

log 23 = lag 115 + coleg 5
= 2060676 -+ 1301030

B- EJERCICIO 300

U Dados Jog 2=0.301030, Jog 1=0.477121, log 5=0.608070, log 7=0.845098,
vallar:

l log 96 E log 120 B log 196 is. lor 21
2 log 75. a. log 98 10. lag 0,a75, 1d, I$ Iá.
E — lor 30 T. log 0.ad3. di. lor 2005 15. log 1.
de Ing 4B. E Jlog 06. 19 lo 44.6, 16 . Tog 24

I17. Dado log 143= 2155296 y log 11=1.0412093 hallar log 13.
18. Dado log 225 = 2352183 y log 9=0.954249 hallar log Y5.

© ECUACIONES EXPONENCIALES son ecuaciones en que la incógnira

es exponemte de ua canticar.

════ F4 · LOGARITMO DE POTENCIA Y RAÍZ ════
log | 35 5-'%| = lag 35+ log 55
p 2
=í[|ºg 3¡+íilug 5)
a z
=í[u.4mº1]+í[u¿—mm1
= 0170843 + 0465980

= 1.656476,
] p
Este log correspende al número 45376 luego 302 51= 45376 E
327 x 0.006
(4) Hallar el valor de=-"7 — — y
ANAN as eey PorUNN
l 327 0006 _ 0.14> 89.17
0.14> 0917 4
— l0g 377 +1og D.006 + colag D,14 + colog B7.17
; .
— 1514548 + 3778151 4 0452872 + 2049791
- 3
2196357
= '3 -— 1.38784,

El número que corresponde a 1398784 es 025048 y este 0s el valor de la
cxpresión dada. R

HOTA

Dados los conocimientos que poste el olumno, sólo puedo hallar por logaril-
mos m valor de espresiones en que las oporeciones indicedas son productos,
cocrentes, polencias y raicas peío ao sivmos o rmsias,

LOGARITMOS s 517

E- EJERCICIO 299

Hallar por log el valor de las expresiones siguientes;

, 515x1819 - . 28 6n Í
d—7 —ne ; 5%
y 200549945 13 0587 ,
B6 T R
a, 3.14H9.?_?:1 É 4
O.6XT.6 P | x…/_1
¿ 519:4x0.182 2% de 5
25910764 EE a
16. v T-06X B.14. i u
; BA216X4195,6 _ h5 25. (¿3')“_
— ABAIAXOLTO " 16 0025 X I. 0.005. |
y 326—8019) z x/aaT:»=:h:í& d x/í“</í
EP FAC eCE Te É r N — L F
001771214 E.05X 75 " T
7, 9MI6x(—044) — ¡y yo RC 27 YExY3xY09
(—83.7)x2-996 N EESTE EA v 2:14» Y 509
- >X(-5.1:15) 19 X/— 28 T -
a. - TE OIY $ TET:0:
(-0.009)91:34.7 e 075
D. grx 0a1, d _TS ] i A
T 23117 2 V —7
10 SExgE i
eNl ee Es 21

00816 Y7 3 .f“m.2].=x¡u.:a-]-.r
[“-1“15 , n (0.05)*> 220

DADOS LOS LOGARITMOS DE CIERTOS NUMEROS, HALLAR
EL LOGARITMO DE OTRO SIH USAR LA TABLA

1. g

W E jemplns (1) Dadas log 2 = 0:201090 y lag 3= 047191 hallor log
IDEL sin usar la hable.

Tenemos: 1E=7 X5
lg 102= 2[ log 2| 4 3[0c ]
= [Ú_:]U'I-ÚEID] -E A PO477 12 |
= E.Q_D2ÚÚÚL 141263

Sic busco en la dobla log 104 5e encuentro 2.033444. La diferencio oniña
esté log y el que hemos hallado sín usar la tabla obedace a que las legí-
riimos dados de 7 y 3 no 106 rigurosamente exachos.

