════ B109 · limpieza + CLI + empaquetado · Fri Sep 25 10:49:52 -04 2026 ════

════ I · limpiar docstrings residuales ════
  (limpio)

════ II · CLI ════
CLI OK

════ III · pyproject.toml ════

════ IV · README ════

════ V · verificar CLI sin v6 ════
init: D.3: EventStore preparado para persistencia canónica.
✓ Inicializado: /data/data/com.termux/files/home/SCFV_DSR/var/scfv.db
✓ Directorio: /data/data/com.termux/files/home/SCFV_DSR/var
list:
  ARRENDAMIENTOS.scfv
  COMBINACIONES.scfv
  HIPERINFLACION.scfv
  INTANGIBLES.scfv
  INVENTARIOS.scfv
  MONEDA.scfv
  PPE.scfv
  PROVISIONES.scfv
  SUBVENCIONES.scfv
  VENTAS.scfv

