════ MAPEO DE CAPÍTULOS · Thu Sep 24 21:44:46 -04 2026 ════

════ I · capítulos detectados ════
3082:cAPITULO |||
3379:CAPITULO
5354:cAPITULO v
7318:CAPITULO Il
8110:CAPITULO ]
11274:CAPITULO X"
12721:CAPITULO X|V
14232:CAPITULO xv
14911:CAPITULO XVI I
19251:CAPITULO XXIV
22777:CAPITULO XXV|||
26646:CAPITULO XXXII I
29067:CAPITULO xxxvu

════ II · temas algebraicos por sección ════
--- progresiones ---
16391:5i era Barán de Merchiston. Logre convédine en - las progresionár arifmbticas £'ulu…[ñr_-n':_duuu L
29069:PROGRESIONES
29080:Las progresiones se clasifican en progresiones aritméticas y geomé-
29083:PROGRESIONES ARITMETICAS
29085:f35) PROGRESION ARITMETICA €s toda serie en la cual cada término des-
29090:El signo de progresión aritmética es + y entre cada iérmino y el si-
29100:+EAM.—94..... es una progresión aritmética decreciente cuya razón
29103:En toda progresión aritmética la razón se halla restándole a u tér
29114:Sex la progresión le
29118:En toda progresión ar itmética, cada término es igual al anterior más
29201:(1) Hollar el primer término de uno progresión artimática sobienda que el 115 tér-
29206:(2) Hallar la razón de una progresión ariimático cuyo primer térmiro es — 3 y el
29213:13) ¿Cuántos términos tiene la progresión
29227:L El 159 rérmino de una progresión aritmética es 20 y la ranón :—-. Hallar
29230:2. El 329 témino de una progresión aritmética es —18 y la razón 4 Hallar
29250:N- ¿Cuántos términos tiene la progresión +6.64... 188
29252:l- El 1er- término de una progresión aritmética es 64, el 99 1émino 6 y
29260:© En toda progresión aritmética la suma de dos términos equidistantes
29262:Sea la progresión +id...---Mecerijpree=s- u, CUYO TAZÓN Es 7. SUPon-
29287:Cuando el número de términos de una progresión aritmética es im-

--- logaritmos ---
30176:LOGARITMOS
30193:Iuego, siendo la hase 5, el logaritmo de 1 (que se escribe log 1) es 0, por-
30204:Pudiendo tomarie como basé de un sistema de logaritmos LL|.LI(¡U¡1LT
30206:temas usados generalmente son dos: el sistema de logaritmos vulgares O de
30214:Briggs, cuya base es 10, y el sistema de logaritmos naturales o neperianos
30221:487) Son de importancia las sigiientes propiedades de los logaritmos:
30223:1) La base de un sistema de logaritmos no puede ser negativa, por-
30226:negativos, y por tanto, habría números positivos que no tendrían logaritmo,
30228:2) Los números negalivos no tienen logaritmo porque siendo la bast
30232:3) En todo sistema de logaritmos, el logaritmo
30240:i) En todo sistema el logaritmo de 1
30246:de log 1=, los logaritmos de los mimeros mayores que 1 serán mayores
30249:6) Los números menores que 1 tienen logaritmo negativo porque
30250:sienco log 1=0, los logaritmos de los números menores que 1 serán meno-
30253:GÍ.-1] LOGARITMO DE UN PRODUCTO

--- interés compuesto ---
30848:INTERES COMPUESTO. AMORTIZACIONES, IMPOSICIONES
30863:Sex £ el capital prestado a interés compuesto durante ! aíos, siendo y
30991:Una suma prestado al 318 de interés compuesto duraníc ? años sc ho can-
31049:Una suma de $500 se impone al 65 de interés compuesto durante 4
31052:Se prestan 9500 soles al 79% de interés compuesto durante 6 años, ¿En
31072:Una suma prestada al 6% anual de interés compuesto se ha convertido
31083:19%, Un suma prestada al 95 anual de interés compuesto durante 7 años
31090:5% anual de interés compuesto. ¿Cuántos años duró la imposición?
31104:Un capital € se presta a interés compuesto, siendo r el tanto por 1,
31114:- Sea c un capital prestado a interés Compuesto, a un tanto - EA
31119:interés compuesto, a favor del deudor, al mismo tanto por tno r »5[í'%%
31123:cc interés compuesto durante £—2 años; luego, sc convertirá en
31142:s interés compuesto; lnego,
31172:Hallemos el valar de (1.04 5, Una tablo de interés compuesto nos lo da en seguida,
31262:produce interés compuesto durante f años; luego, se convertirá en

--- regla de tres / proporciones ---
16432:medio de una fórmula es directamente proporcional con las variables (Fac-
16434:proporcional con las que se hallen en el denominador, si las demás perma-
16468:1) La velocidad es directamente proporcional al espacio [porque y
16471:) La velocidad es inversamente proporcional al tiempo [porque +
17262:do es directoemente proporcional lo propercional) a la variable
17265:© Si Á es proporcional a E, A es igual a D multiplicada por una corá
17283:En general, si A es proporcional a B, la relación
17300:Ú.Eá Si Á es invesamente proporcional a E, A es igual a una constante
17312:En general, si A es inversamente proporcional
17326:Si A es proporcional a B euando € es constante y A es proporcional
17328:a C cuando P es constante, A es proporcional a BC cuando 6 y C ovarian,
17332:cantidad es proporcional a otras varias, lo es a su producto.
17334:El-áreo de un trióngula es proporcional a la alfura, si la bose
17335:éS constente y os proporcional a la bose si la altura e5 cons-
17346:Se dice que A es proporcional a 5 e inversamente proporcional "'F='

--- sistemas de ecuaciones ---
1447:lizaran la sistematización de los conocimientos matemáticos, los babilonios
17008:IMECUACIONES SIMULTANEAS
17014:INECUACIONES SIMULTANEAS son inecuaciones que tienen solti-
17716:(268) SISTEMA RECTANGULAR DE COORDENADAS CARTESIAMNAS (1)
17717:Dos líneas rectas que se cortan constituyen un sistema de ejes conrde
18649:Siempre es preferible usar el sistema de áreas proporcionales ¿ Lis ea
18653:Estc sistema no es muy usi-
19256:© ECUACIONES SIMULTANEAS
19298:© SISTEMA DE ECUÁCIONES es la reunión de dos o más ecnaciones-con
19304:es un sistema de dos ecuaciones de primer grado con dos incógnitas,
19306:Solución de un sistema de cenaciones es un grupo de valores de las
19307:incógnifas que satisface todas las ecuaciones del sistema: La solución del
19308:sistema anterior es x =2, y=.
19310:Un sistema de ecuaciones es posible o compatible cuando tiene solu-
19313:Un sistema compatible es determinado evando tiene una sola solución

--- raíces / radicales ---
136:El Signo de Raíz es V, llamado signo radical, y bajo este signo se co-
627:' Término racional es el que no tiene radical, como los ejemplos anté-
628:riores, e irracional el que tiene radical, como Vab, -,a—.
645:si tienen o no denominador y a si tienen o no radical:
734:cuando no contiene radicales, como en los ejemplos anteriores; irracional
735:cuando contiene radical, como Va+Vb—ve-Vabc; homogéneo cuando to-
1621:a expresión del resultado de la radicación inexacta, Y también, los números
1643:la división, la potenciación, la logaritmación y la radicación. Conviene ir
16703:Elevando al cuadrado ombos miembres para destruir el radical:
23445:* Txaxgxaxs 147 - RADICACION
23453:E EERCICIO. 212 El signo de rai es + , llamado signo radical, Debajo de esté signo
23455:— y ; subradical.
23460:- ERAN a AMO EE I var la raíz para que reproduzca la cantidad subradical, Por convención el
23466:. 6" réermino ce |:l¿..¡_,:_]a_ E- Deriiini del abede (ax2-y2)", cantidad subradical 0*7 esta taiz s a? y — d? porque (4) v 1
23469:dad subradical 8x'; esta ralz es 2x porque (2x) =a

--- ecuaciones de primer grado ---
6906:Las ecuaciones de primer grado se llaman ecuaciones simples o lincales.
6919:Las ecuaciones de primer grado con una incógnita tienen ua sola rafz.
7099:RESOLUCION DE ECUACIONES DE PRIMER GRADO
7160:(117) RESOLUCION DE ECUACIONES DE PRIMER GRADO
18855:[159 ECUACIONES DE PRIMER GRADO CON DOS VARIABLES
18867:ts una ecnación indererminada. Emtonces, toda ecuación de primer grado
18873:Hemos visto que toda ecuación de primer grado con dos incógnitas es
19118:Las ecuaciones de primer grado con dos variables se laman ecuaciones Como lo ecuación tiene término independiente la
19136:Toda ecuación de primer grado con dos variables representa una i- Y =0 x=3: pora y=1. x=3; poro y=2
19304:es un sistema de dos ecuaciones de primer grado con dos incógnitas,

--- ecuaciones de segundo grado ---
26648:ECUACIONES DE SEGUNDO GRADO CON UNA INCOGNITA
26678:ECUACIONES DE SEGUNDO GRADO . M 447
27341:Toda ecuación de segundo grado con una sofa incógnita en _x repre-
27998:X maxtn=0, es decir, en toda ecuación de segundo grado en que el
28178:las raires de una ecuación de segundo grado de la forma X + mx+n=0 - £ 18. La suma es —1- y el producto -li-

════ III · índice general del libro (si está) ════
════════════════════════════════════════════════════════════════
  PÁGINA 1 — ALGEBRA DE BALDOR
════════════════════════════════════════════════════════════════
A. BALDOR

GEBRA

1E


════════════════════════════════════════════════════════════════
  PÁGINA 2 — ALGEBRA DE BALDOR
════════════════════════════════════════════════════════════════
PRELIMINARES

ALGEBRA es la rama de Ja Matemática que estudía la cantidad consi-
derada del modo más general posible.

(DCARACT!I DEL ALGEBRA Y SU DIFERENCIA
— CON LA ARITMETICA

El concepto de la cantidad en Algebra es mucho más amplio que en
Aritmética.

En Aritmética las cantidades se representan por números y éstos ex-
presan valores detérminados. -Asi, 20 expresa un solo valor: veínte; para
expresar un valor mayor o menor que éste habrá que escribir un múmero
distinto de 20.

En Algebra, para lograr la generalización, las cantidades se represen-
tan por medio de letras, las cuales pueden representar todos los valores,
Asf, a representa el valor que nosotros le asignemos, y por tanto puede re-
presentar 20 0 más de 20 0 menos de 20, a nuestra elección, aunque con-
viene advertir que cuando en un problema asignamos a una letra un valor
determinado, esa letra no puede representar, en el mismo problema, otro
valor distinto del que le hemos asignado. a

©NOTAC¡ON ALGEBRAICA
Los símbolos usados en Algebra para representar las cantidades son los
múmeros y las letras.

════════════════════════════════════════════════════════════════
  PÁGINA 3 — ALGEBRA DE BALDOR
════════════════════════════════════════════════════════════════
ALGENNA

Los números se emplean para representar cantidades conocidas y de-
terminadas,

Las Jerras se emplean para representar toda clase de cantidades, ya
sean conocidas o desconocidas.

Las contidades conocidas se expresan por las primeras letras del alfa-
beto: a, b, e, d...

Las cantidades desconocidas se representan por las últimas letras del
alfabeto: , v, w, X, y, Z.

Una misma letra puede representar distintos valores diferenciándolos
por medio de comillas; por ejemplo: a', a, a, que se leen a prima, a se-

════ IV · últimas 200 líneas · qué capítulo cierra ════
m u E ;
20 — 35

.-—4 . 102 24
ICIÓ 275 Ey 2- 60 y 46.

E y9 T. 1 m 6 m

$ A,14: £,11 años

EJERCICIO 285,
9 M sacos, Es 5,

E VEEVIL

L T+ YE
T Caballo, SA suctes;

TNE
1%. 16 libros, $5. 10. vi+vEl.

0. YE+YIE.

06 suCIES, 10. 16 y 6. - 11. 17 y 6 años.

scolebandaos, 14£ 50 soles. 16 6

13 10 filas

16. 16, 412 17. 9 a 35. 19. 3v5-2VT. 14 15-8vT7. 16 5vVII-9v1

24 301 6octs

1 $a. SO 6h 21- i cab., 5200
TT 6. 35 y 1. 27: 15 m y 5 m
TS 30. 18 55. lT aZ 10 amos.

ICO Z276, 1- Rcales y -I'I-E'E¡ÍE_11B.EE£, raciorales.
les e iguales, + Imaginarias, 6. Reales e iguales.
T Reales y desiguales, racionales. 4 Ecales e igítales.

puales, iacioniles, - 11. bhmagiririas,

83 19 y 15.

11
28 -HJ- Em lel" hora, 18. 4+7v9

24 wiwil,

29. 12 días, - c
23 vI+vIA. 26 V+

EJERCICIO 286,

26 260 g :3v"1'[¡—2v2.

E- R:ul¡5 Y dl.1:|g.,u.m!u-. irracionales.
6. Renles y desiguales, irracio-
9. Imaginarias.
IE Ecales 1_¡. ':|-'-Hl1“'l'-'¡ I'ñ-|!lúl1.ñ.|.£1

ICO 277. 1 51. % MNo 5. 50 451

1610 278 1, x—Tx+12=0. % 5—2x-—d=0,
h M7 x--1=0. 6, AxTe a 49=0.

—Dx-—-3=0, 10 7x?+38x—10=0.

a xº+1£x+35="ll

T. d— — G=D.

11, d— LEx=- 0=h
16. x*—x=L

g 24 7x + 0=0

15, Axt417x+2=0. EJERCICIO Z87.

