════ B66 · VEN-NIF · ¿nombra o agrupa? · Fri Sep 25 06:29:18 -04 2026 ════

════ I · BOLETINES DE APLICACIÓN · texto completo de la sección ════
7. A la fecha de este pronunciamiento, los principios de contabilidad generalmente
aceptados en Venezuela (VEN-NIF) son los siguientes:
BOLETINES DE APLICACIÓN:
•

BA VEN-NIF Nº 0 “Acuerdo Marco para la Adopción de las Normas NIIF
de Contabilidad”, versión 6, considerado y aprobado en DNA Ordinario de
la Colonia Tovar, estado Aragua, noviembre 2024.

•

BA VEN-NIF Nº 2 “Criterios para el Reconocimiento de la Inflación en los
Estados Financieros Preparados de Acuerdo con VEN-NIF” versión 4,
considerado y aprobado en el DNA Extraordinario reunido en la ciudad de
Caracas, noviembre 2018.

•

BA VEN-NIF Nº 4 “Determinación de la Fecha de Autorización de los
Estados Financieros para su Publicación, en el Marco de las
Regulaciones contenidas en el Código de Comercio venezolano”,
versión 1, considerado y aprobado en DNA Ordinario de La Puerta, estado
Trujillo, marzo 2011.

•

BA VEN-NIF Nº 5 “Criterio para la Presentación del Resultado Integral
Total, de acuerdo con VEN-NIF”, versión 3, considerado y aprobado en
DNA Ordinario de la Colonia Tovar, estado Aragua, noviembre 2024.

•

BA VEN-NIF Nº 9 “Tratamiento Contable del Régimen de Prestaciones
Sociales y la Indemnización por Terminación de la Relación de Trabajo”,
versión 0, considerado y aprobado en DNA Ordinario de Puerto la Cruz,
estado Anzoátegui, julio 2013.

•

BA VEN-NIF N.º 10 “Tratamiento Alternativo para el Reconocimiento y
Medición del Efecto de las Posibles Variaciones en la Tasa de Cambio
de los Pasivos Denominados en Moneda Extranjera”, versión 0,
considerado y aprobado en DNA Extraordinario reunido en la ciudad de
Caracas, febrero 2016.

•

BA VEN-NIF Nº 11 “Reconocimiento del Impuesto Diferido Pasivo
Originado por la Supresión del Sistema de Ajuste por Inflación Fiscal en
Venezuela”, versión 1, considerado y aprobado en DNA Extraordinario

“PRINCIPIOS DE CONTABILIDAD GENERALMENTE ACEPTADOS EN VENEZUELA (VEN-NIF)”

3

reunido en la ciudad de Caracas, abril 2026.
•

BA VEN-NIF N° 8 VERSIÓN N° 11

BA VEN-NIF N° 12 “Tenencia de Criptoactivos Propios”, versión 1,
considerado y aprobado en DNA Extraordinario reunido en la ciudad de
Caracas, abril 2026.

NORMAS EMITIDAS POR EL IASB:
•

Norma de Contabilidad NIIF para las PYMES, edición 2025, cuya adopción
fue aprobada en el Directorio Nacional Ampliado Extraordinario reunido en
Caracas, el sábado 18 de abril de 2026, aplicada conjuntamente con los
Boletines de Aplicación antes detallados y considerando lo establecido en las
disposiciones transitorias de este pronunciamiento.

•

Las Normas NIIF de Contabilidad, (Emitidas), edición 2025, cuya adopción
fue aprobada en el Directorio Nacional Ampliado Extraordinario realizado en
la ciudad de Caracas, el sábado 18 de abril de 2026, aplicada juntamente
con los Boletines de Aplicación antes detallados y considerando lo
establecido en las disposiciones transitorias de este pronunciamiento y
que comprende los siguientes pronunciamientos:
o
o
o
o
o
o
o
o
o
o

El Marco Conceptual para la Información Financiera.
NIC 2 Inventarios.
NIC 7 Estado de Flujos de Efectivo.
NIC 8 Políticas Contables, Cambios en las Estimaciones Contables y
Errores.
NIC 10 Hechos Ocurridos después del Periodo sobre el que se informa,
aplicada conjuntamente con el BA VEN-NIF 4 (versión 1).
NIC 12 Impuestos a las Ganancias, aplicada conjuntamente con el BA
VEN-NIF 11 (versión 0).
NIC 16 Propiedades, Planta y Equipo.
NIC 19 Beneficios a los Empleados, aplicada conjuntamente con el BA
VEN-NIF 9 (versión 0).
NIC 20 Contabilización de las Subvenciones del Gobierno e Información
a Revelar sobre Ayudas Gubernamentales.
NIC 21 Efectos de las Variaciones en las Tasas de Cambio de la Moneda
Extranjera, aplicada conjuntamente con el BA VEN-NIF 10 (versión 0).

“PRINCIPIOS DE CONTABILIDAD GENERALMENTE ACEPTADOS EN VENEZUELA (VEN-NIF)”

4

BA VEN-NIF N° 8 VERSIÓN N° 11

5

o NIC 23 Costos por Préstamos.
o NIC 24 Información a Revelar sobre Partes Relacionadas.
o NIC 26 Contabilización e Información Financiera sobre Planes de
Beneficio por Retiro.
o NIC 27 Estados Financieros Separados.
o NIC 28 Inversiones en Asociadas y Negocios Conjuntos.
o NIC 29 Información Financiera en Economías Hiperinflacionarias,
aplicada conjuntamente con el BA VEN-NIF 2 (versión 4).
o NIC 32 Instrumentos Financieros: Presentación.
o NIC 33 Ganancias por Acción,
o NIC 34 Información Financiera Intermedia.
o NIC 36 Deterioro del Valor de los Activos.
o NIC 37 Provisiones, Pasivos Contingentes y Activos Contingentes.
o NIC 38 Activos Intangibles.
o NIC 39 Instrumentos Financieros: Reconocimiento y Medición.
o NIC 40 Propiedades de Inversión.
o NIC 41 Agricultura.
o NIIF 2 Pagos Basados en Acciones.
o NIIF 3 Combinaciones de Negocios.
o NIIF 5 Activos no Corrientes Mantenidos para la Venta y Operaciones
Discontinuadas.
o NIIF 6 Exploración y Evaluación de Recursos Minerales.
o NIIF 7 Instrumentos Financieros: Información a Revelar.
o NIIF 8 Segmentos de Operación.
o NIIF 9 Instrumentos Financieros.
o NIIF 10 Estados Financieros Consolidados.
o NIIF 11 Acuerdos Conjuntos.
o NIIF 12 Información a Revelar sobre Participaciones en Otras Entidades.
o NIIF 13 Medición del Valor Razonable.
o NIIF 14 Cuentas de Diferimientos de Actividades Reguladas.
o NIIF 15 Ingresos de Actividades Ordinarias Procedentes de Contratos
con Clientes.
o NIIF 16 Arrendamientos.
o NIIF 17 Contratos de Seguro.
o NIIF 18 Presentación e información a revelar en los estados financieros. aplicada
conjuntamente con el BA VEN-NIF 5 (versión 3)
o NIIF 19 Subsidiarias sin obligación pública de rendir cuentas: Información a revelar.

“PRINCIPIOS DE CONTABILIDAD GENERALMENTE ACEPTADOS EN VENEZUELA (VEN-NIF)”

BA VEN-NIF N° 8 VERSIÓN N° 11

o CINIIF 1 Cambios en Pasivos Existentes por Retiro del Servicio,
Restauración y Similares.
o CINIIF 2 Aportaciones de Socios de Entidades Cooperativas e
Instrumentos Similares.
o CINIIF 5 Derechos por la Participación en Fondos para el Retiro del
Servicio, la Restauración y la Rehabilitación Medioambiental.
o CINIIF 6 Obligaciones surgidas de la Participación en Mercados
Específicos-Residuos de Aparatos Eléctricos y Electrónicos.
o CINIIF 7 Aplicación del Procedimiento de Reexpresión según la NIC 29
Información Financiera en Economías Hiperinflacionarias.
o CINIIF 10 Información Financiera Intermedia y Deterioro del Valor.
o CINIIF 12 Acuerdos de Concesión de Servicios.
o CINIIF 14 NIC 19-El Límite de un Activo por Beneficios Definidos.
Obligación de Mantener un Nivel Mínimo de Financiación y su Interacción.
o CINIIF 16 Coberturas de una Inversión Neta en un Negocio en el
Extranjero.
o CINIIF 17 Distribuciones, a los propietarios, de Activos Distintos al
Efectivo.
o CINIIF 19 Cancelación de Pasivos Financieros con Instrumentos de
Patrimonio.
o CINIIF 20 Costos de Desmonte en la Fase de Producción de una Mina a
Cielo Abierto.
o CINIIF 21 Gravámenes.
o CINIIF 22 Transacciones en Moneda Extranjera y Contraprestaciones
Anticipadas.
o CINIIF 23 La Incertidumbre frente a los Tratamientos de Impuestos a las
Ganancias.
o SIC-10 Ayudas Gubernamentales—Sin Relación Específica con
Actividades de Operación.
o SIC-25 Impuestos a las Ganancias—Cambios en la Situación Fiscal de
una Entidad o de sus Accionistas.
o SIC-29 Acuerdos de Concesión de Servicios: Información a Revelar.
o SIC-32 Activos Intangibles–Costos de Sitios Web.
o DOCUMENTO DE PRÁCTICA DE LAS NIIF Nº 1 Comentarios de la Gerencia
o DOCUMENTO DE PRÁCTICA DE LAS NIIF Nº 2 Realización de Juicios sobre
Materialidad o Importancia Relativa
o Las Decisiones de Agenda del Comité de Interpretaciones de las NIIF
emitidas hasta el 31 de diciembre de 2025, contenidas en el siguiente enlace:
o https://www.ifrs.org/supporting-implementation/how-we-help-supportconsistent-application/#agenda-decisions

“PRINCIPIOS DE CONTABILIDAD GENERALMENTE ACEPTADOS EN VENEZUELA (VEN-NIF)”

6

BA VEN-NIF N° 8 VERSIÓN N° 11

DISPOSICIONES TRANSITORIAS
8. Cuando la FCCPV declare que se han adoptado, sin reserva, todas las Normas
NIIF de Contabilidad, se someterán a aprobación de un Directorio Nacional
Ampliado la NIIF 1 “Adopción por Primera Vez de las Normas NIIF de
Contabilidad” y la Sección 35 “Transición a la Norma de Contabilidad NIIF para
las PYMES” y toda entidad deberá proceder según lo establecido en la norma o
sección que regula la transición a la aplicación plena, según corresponda a su
tipo de entidad.
9. La entidad que, conforme a las fechas indicadas en el Párrafo 14 del BA VENNIF N°0 “Acuerdo Marco para la Adopción de las Normas NIIF de Contabilidad”,
utilice por primera vez los VEN-NIF o migren por primera vez de un grupo a otro
de éstos, deberá aplicar los procedimientos, restricciones y revelaciones
detalladas en NIIF 1, o Sección 35 de Norma de Contabilidad NIIF para las
PYMES, según se haya calificado como gran entidad o pequeña y mediana
entidad, respectivamente.
10. A los efectos indicados en el párrafo anterior, se establece como fecha de
transición, el comienzo del ejercicio económico más antiguo para el que la
entidad presentará información comparativa con el ejercicio económico según
los criterios indicados en el párrafo 14 del BA VEN-NIF N° 0 “Acuerdo Marco
para la Adopción de las Normas NIIF de Contabilidad”.
APROBACIÓN Y VIGENCIA
11. El contenido de este Boletín de Aplicación fue actualizado y aprobado en el
Directorio Nacional Ampliado Extraordinario reunido el sábado 18 de abril de
2026 en la ciudad de Caracas y entra en vigencia para los ejercicios que se
inicien a partir del 01 de enero de 2026. Se permite su aplicación anticipada para
los ejercicios que iniciaron el 01 de enero de 2025, y cuyos estados financieros
no hayan sido aprobados a la fecha de emisión de este boletín.
12. Este Boletín de Aplicación sustituye a la Versión N° 10 aprobada en el Directorio
Nacional Ampliado del 29 de noviembre de 2024, reunido en la Colonia Tovar,
estado Aragua.


════ II · texto entre L96 y L200 (boletines individuales) ════
7. A la fecha de este pronunciamiento, los principios de contabilidad generalmente
aceptados en Venezuela (VEN-NIF) son los siguientes:
BOLETINES DE APLICACIÓN:
•

BA VEN-NIF Nº 0 “Acuerdo Marco para la Adopción de las Normas NIIF
de Contabilidad”, versión 6, considerado y aprobado en DNA Ordinario de
la Colonia Tovar, estado Aragua, noviembre 2024.

•

BA VEN-NIF Nº 2 “Criterios para el Reconocimiento de la Inflación en los
Estados Financieros Preparados de Acuerdo con VEN-NIF” versión 4,
considerado y aprobado en el DNA Extraordinario reunido en la ciudad de
Caracas, noviembre 2018.

•

BA VEN-NIF Nº 4 “Determinación de la Fecha de Autorización de los
Estados Financieros para su Publicación, en el Marco de las
Regulaciones contenidas en el Código de Comercio venezolano”,
versión 1, considerado y aprobado en DNA Ordinario de La Puerta, estado
Trujillo, marzo 2011.

•

BA VEN-NIF Nº 5 “Criterio para la Presentación del Resultado Integral
Total, de acuerdo con VEN-NIF”, versión 3, considerado y aprobado en
DNA Ordinario de la Colonia Tovar, estado Aragua, noviembre 2024.

•

BA VEN-NIF Nº 9 “Tratamiento Contable del Régimen de Prestaciones
Sociales y la Indemnización por Terminación de la Relación de Trabajo”,
versión 0, considerado y aprobado en DNA Ordinario de Puerto la Cruz,
estado Anzoátegui, julio 2013.

•

BA VEN-NIF N.º 10 “Tratamiento Alternativo para el Reconocimiento y
Medición del Efecto de las Posibles Variaciones en la Tasa de Cambio
de los Pasivos Denominados en Moneda Extranjera”, versión 0,
considerado y aprobado en DNA Extraordinario reunido en la ciudad de
Caracas, febrero 2016.

•

BA VEN-NIF Nº 11 “Reconocimiento del Impuesto Diferido Pasivo
Originado por la Supresión del Sistema de Ajuste por Inflación Fiscal en
Venezuela”, versión 1, considerado y aprobado en DNA Extraordinario

“PRINCIPIOS DE CONTABILIDAD GENERALMENTE ACEPTADOS EN VENEZUELA (VEN-NIF)”

3

reunido en la ciudad de Caracas, abril 2026.
•

BA VEN-NIF N° 8 VERSIÓN N° 11

BA VEN-NIF N° 12 “Tenencia de Criptoactivos Propios”, versión 1,
considerado y aprobado en DNA Extraordinario reunido en la ciudad de
Caracas, abril 2026.

NORMAS EMITIDAS POR EL IASB:
•

Norma de Contabilidad NIIF para las PYMES, edición 2025, cuya adopción
fue aprobada en el Directorio Nacional Ampliado Extraordinario reunido en
Caracas, el sábado 18 de abril de 2026, aplicada conjuntamente con los
Boletines de Aplicación antes detallados y considerando lo establecido en las
disposiciones transitorias de este pronunciamiento.

•

Las Normas NIIF de Contabilidad, (Emitidas), edición 2025, cuya adopción
fue aprobada en el Directorio Nacional Ampliado Extraordinario realizado en
la ciudad de Caracas, el sábado 18 de abril de 2026, aplicada juntamente
con los Boletines de Aplicación antes detallados y considerando lo
establecido en las disposiciones transitorias de este pronunciamiento y
que comprende los siguientes pronunciamientos:
o
o
o
o
o
o
o
o
o
o

El Marco Conceptual para la Información Financiera.
NIC 2 Inventarios.
NIC 7 Estado de Flujos de Efectivo.
NIC 8 Políticas Contables, Cambios en las Estimaciones Contables y
Errores.
NIC 10 Hechos Ocurridos después del Periodo sobre el que se informa,
aplicada conjuntamente con el BA VEN-NIF 4 (versión 1).
NIC 12 Impuestos a las Ganancias, aplicada conjuntamente con el BA
VEN-NIF 11 (versión 0).
NIC 16 Propiedades, Planta y Equipo.
NIC 19 Beneficios a los Empleados, aplicada conjuntamente con el BA
VEN-NIF 9 (versión 0).
NIC 20 Contabilización de las Subvenciones del Gobierno e Información
