════ B46 · NIIF Pymes · Sección 13 Inventarios · Thu Sep 24 22:29:18 -04 2026 ════

════ I · índice completo de secciones ════
349:Sección 1
358:Sección 2
367:Sección 3
409:Sección 4
430:Sección 5
439:Sección 6
456:Sección 7
485:Sección 8
550:Sección 9
567:Sección 10
587:Sección 11
639:Sección 23 revisada (ver párrafos 11.13 y 11.13A).
665:Sección 12 Otros Temas relacionados con los Instrumentos Financieros a una parte separada de esta
677:Sección 12
687:Sección 13
707:Sección 14
717:Sección 15
752:Sección 19 (véase el párrafo 16.3A).
765:Sección 16
781:Sección 17
809:Sección 23 revisada (véase el párrafo 17.29).
817:Sección 18
832:Sección 19
843:Sección 20
862:Sección 21
922:Sección 9 (véase el párrafo 22.19).
930:Sección 22
933:Sección 23
952:Sección 24
960:Sección 25
967:Sección 26
1014:Sección 27
1035:Sección 28
1125:Sección 21 (véase el párrafo 28.41E).
1163:Sección 31
1170:Sección 32
1179:Sección 29
1183:Sección 30
1200:Sección 33
1245:Sección 17 Propiedades, Planta y Equipo (véanse los
1252:Sección 12 (véase el párrafo 34.6).
1264:Sección 17 o la Sección 18 Activos Intangibles Distintos de la Plusvalía (véase el párrafo 34.11G).
1266:Sección 34
1282:Sección 35
1523:Sección 1
1627:Sección 2
3182:Sección 3
3596:Sección 4
3967:Sección 5
4023:Sección 30 Conversión de Moneda Extranjera);

════ II · localizar Sección 13 ════
687:Sección 13
8627:Sección 13
10077:inventarios (véase la Sección 13 Inventarios).
10380:curso ordinario de los negocios (véase la Sección 13 Inventarios y la Sección 23
14940:para esos costos (por ejemplo, la Sección 13 Inventarios, la Sección 17
21003:fecha, cuando se aplique la Sección 13 Inventarios u otra sección de esta Norma
21078:la Sección 13 u otras secciones de esta Norma.
22756:Sección 13

════ III · estructura de la Sección 13 ════
Cuerpo comienza en L8627
Sección 13
Inventarios
Alcance de esta sección
13.1

13.2

Esta sección establece los principios para el reconocimiento y medición de los
inventarios. Los inventarios son activos:
(a)

poseídos para ser vendidos en el curso normal del negocio;

(b)

en proceso de producción con vistas a esa venta; o

(c)

en forma de materiales o suministros, para ser consumidos en el
proceso de producción, o en la prestación de servicios.

Esta sección se aplica a todos los inventarios, excepto a:
(a)

[eliminado]

(b)

instrumentos financieros (véase la Sección 11 Instrumentos Financieros);
y

(c)

los activos biológicos relacionados con la actividad agrícola y
productos agrícolas en el punto de cosecha o recolección (véase la
Sección 34 Actividades Especiales).

13.2A

Los requerimientos de información de esta sección se aplican a los activos con
derecho a devolución clasificados como existencias [véase el párrafo 23A.24(c)].
Los activos con derecho a devolución se reconocen y miden de acuerdo con los
párrafos 23A.23 a 23A.29 y no de acuerdo con esta sección.

13.3

Esta sección no se aplica a la medición de los inventarios mantenidos por:
(a)

productores de productos agrícolas y forestales, de productos agrícolas
tras la cosecha o recolección y de minerales y productos minerales, en
la medida en que se midan por su valor razonable menos el costo de
venta con cambios en resultados; o

(b)

intermediarios que comercian con materias primas cotizadas, que
midan sus inventarios al valor razonable menos costos de venta, con
cambios en resultados.

Medición de los inventarios
13.4

Una entidad medirá los inventarios al importe menor entre el costo y el precio
de venta estimado menos los costos de terminación y venta.

Costo de los inventarios
13.5

Una entidad incluirá en el costo de los inventarios todos los costos de compra,
costos de transformación y otros costos incurridos para darles su condición y
ubicación actuales.

© IFRS Foundation

121

FEBRERO 2025

Costos de adquisición
13.6

El costo de adquisición de los inventarios comprenderá el precio de compra,
los aranceles de importación y otros impuestos (que no sean recuperables
posteriormente de las autoridades fiscales) y transporte, manejo y otros costos
directamente atribuibles a la adquisición de bienes, materiales y servicios. Los
descuentos comerciales, las rebajas y otras partidas similares se deducirán
para determinar el costo de adquisición.

13.7

Una entidad puede adquirir inventarios con pago aplazado. En algunos casos,
el acuerdo contiene de hecho un elemento de financiación implícito, por
ejemplo, una diferencia entre el precio de compra para condiciones normales
de crédito y el importe de pago aplazado. En estos casos, la diferencia se
reconocerá como gasto por intereses a lo largo del periodo de financiación y
no se añadirá al costo de los inventarios.

Costos de transformación
13.8

Los costos de transformación de los inventarios comprenderán aquellos costos
directamente relacionados con las unidades producidas, tales como la mano de
obra directa. También comprenderán una parte, calculada de forma
sistemática, de los costos indirectos de producción, variables o fijos, en los que
se haya incurrido para transformar las materias primas en productos
terminados. Son costos indirectos fijos de producción los que permanecen
relativamente constantes, con independencia del volumen de producción, tales
como la depreciación y mantenimiento de los edificios y equipos de la fábrica,
así como el costo de gestión y administración de la planta. Son costos
indirectos variables los que varían directamente, o casi directamente, con el
volumen de producción obtenida, tales como los materiales y la mano de obra
indirecta.

Distribución de los costos indirectos de producción
13.9

122

Una entidad distribuirá los costos indirectos fijos de producción entre los
costos de transformación sobre la base de la capacidad normal de los medios
de producción. Capacidad normal es la producción que se espera conseguir en
circunstancias normales, considerando el promedio de varios periodos o
temporadas, y teniendo en cuenta la pérdida de capacidad que resulta de las
operaciones previstas de mantenimiento. Puede usarse el nivel real de
producción siempre que se aproxime a la capacidad normal. La cantidad de
costo indirecto fijo distribuido a cada unidad de producción no se
incrementará como consecuencia de un nivel bajo de producción, ni por la
existencia de capacidad ociosa. Los costos indirectos no distribuidos se
reconocerán como gastos del periodo en que han sido incurridos. En periodos
de producción anormalmente alta, la cantidad de costo indirecto distribuido a
cada unidad de producción se disminuirá, de manera que no se valoren los
inventarios por encima del costo. Los costos indirectos variables se
distribuirán, a cada unidad de producción, sobre la base del nivel real de uso
de los medios de producción.

© IFRS Foundation

NORMA DE CONTABILIDAD NIIF PARA LAS PYMES

Producción conjunta y subproductos
13.10

El proceso de producción puede dar lugar a la fabricación simultánea de más
de un producto. Este es el caso, por ejemplo, de la producción conjunta o de la
producción de productos principales junto a subproductos. Cuando los costos
de las materias primas o los costos de transformación de cada producto no
sean identificables por separado, una entidad los distribuirá entre los
productos utilizando bases coherentes y racionales. La distribución puede
basarse, por ejemplo, en el valor de ventas relativo de cada producto ya sea
como producción en curso, en el momento en que los productos comienzan a
poder identificarse por separado, o cuando se complete el proceso productivo.
La mayoría de los subproductos, por su propia naturaleza, no poseen un valor
material o con importancia relativa. Cuando este sea el caso, la entidad los
medirá al precio de venta, menos el costo de terminación y venta, deduciendo
este importe del costo del producto principal. Como resultado de esta
distribución, el importe en libros del producto principal no resultará
significativamente diferente de su costo.

Otros costos incluidos en los inventarios
13.11

Una entidad incluirá otros costos en el costo de los inventarios solo en la
medida en que se haya incurrido en ellos para dar a los mismos su condición y
ubicación actuales.

13.12

Una entidad que aplica el párrafo 11.65(b) ajusta el importe en libros de una
materia prima cotizada (partida cubierta) mantenida por el cambio en el
valor razonable de la partida cubierta relacionada con el riesgo cubierto.

Costos excluidos de los inventarios
13.13

13.14

Son ejemplos de costos excluidos del costo de los inventarios, y por tanto
reconocidos como gastos del periodo en el que se incurren, los siguientes:
(a)

las cantidades anormales de desperdicio de materiales, mano de obra u
otros costos de producción;

(b)

costos de almacenamiento, a menos que sean necesarios durante el
proceso productivo, previos a un proceso de elaboración ulterior;

(c)

los costos indirectos de administración que no hayan contribuido a dar
a los inventarios su condición y ubicación actuales; y

(d)

los costos de venta.

[Eliminado]


════ IV · reglas de medición explícitas ════
5527:contraprestación pagada o recibida, si existiese, se reconocerá directamente en
6633:Una cuenta por cobrar comercial se reconocerá inicialmente por el importe
6709:párrafo 11.8(b) se medirán al costo amortizado utilizando el método
6713:corrientes o pasivos corrientes se medirán al importe no descontado
6732:condiciones del 11.8(c) se medirán al costo (que en ocasiones es cero)
6738:ordinarias o preferentes sin opción de venta se medirán de la siguiente
6744:desproporcionado, la inversión se medirá al valor razonable con
6750:todas las demás inversiones se medirán al costo menos el
6757:Los dividendos se reconocerán en el resultado del periodo solo cuando:
6800:pasivos corrientes se medirán inicialmente a un importe no descontado de
7708:Los dividendos se reconocerán en el resultado del periodo solo cuando:
9662:fiable sin costo o esfuerzo desproporcionado, se medirán al valor razonable en
9844:auxiliares se reconocerán de acuerdo con esta sección cuando cumplan con la
9880:una inspección general, su costo se reconocerá en el importe en libros del
9993:casos, el costo del activo se medirá por el valor en libros del activo entregado.
10037:revaluación, dicho aumento se reconocerá en otro resultado integral y
10039:embargo, el incremento se reconocerá en el resultado del periodo en la medida
10046:consecuencia de una revaluación, dicha disminución se reconocerá en el
10047:resultado del periodo. Sin embargo, la disminución se reconocerá en otro
10073:El cargo por depreciación para cada periodo se reconocerá en el resultado, a
10584:gastos no se reconocerán en una fecha posterior como parte del costo de un
10626:periodo se reconocerá como un gasto, a menos que otra sección de esta Norma
12326:a los importes acumulados (devengados) se reconocerá inmediatamente en
12363:ganancia en la venta, que se reconocerá como tal de acuerdo con las políticas
12372:del arrendamiento, se reconocerán como un gasto cuando se reconozca el
12842:importes previamente reconocidos se reconocerá en los resultados del
12846:cancelar la obligación, la reversión del descuento se reconocerá como un costo
13264:Conclusión―no se reconocerá una provisión. La cuestión se revelará
13282:Conclusión―se reconocerá una provisión por la mejor estimación del
13283:importe para cancelar la obligación a y el gasto se reconocerá en

════ V · asientos contables explícitos ════
13805-
13806-4.212
13807-
13808:El emisor de los bonos realiza el siguiente asiento en el libro diario por la emisión
13809-efectuada el 1 de enero de 20X5:
13810-50.000 u. m.
13811-
13812-Dr Efectivo
13813-Cr Pasivo financiero – Bono convertible
13814-
13815-45.788 u. m.
13816-
13817-Cr Patrimonio
13818-
--
13944-
13945-4.212
13946-
13947:Al final de 20X5, el emisor realizaría el siguiente asiento en el libro diario:
13948-Dr Gastos por intereses
13949-
13950-2.747 u. m.
13951-
13952-Cr Descuento del bono
13953-Cr Efectivo
13954-
13955-747 u. m.
13956-2.000 u. m.
13957-

════ VI · comparación schema vs NIC_29 ════
--- schema: campo 'tipo' enum ---
    "tipo",
    "jurisdiccion",
    "jerarquia",
    "fuente",
    "fecha_publicacion",
    "version_norma",
--
    "tipo": {
      "type": "string",
      "enum": ["ley_organica", "decreto", "resolucion", "norma_tecnica", "doctrina"],
--- NIC_29: valor 'tipo' ---
  "tipo": "norma_internacional",
    "tipo": "activar_reexpresion",

--- schema: campo 'accion_sugerida.tipo' enum ---
    "accion_sugerida": {
      "type": "object",
      "properties": {
        "tipo": {
          "type": "string",
          "enum": ["aplicar_tasa", "calcular_retencion", "acumular_partida", "recomendar_tratamiento"]
        },
        "parametros": {
          "type": "object",
          "additionalProperties": {
            "type": ["string", "number", "boolean"]

════ VII · normas JSON existentes ════
total 11
drwx------. 2 u0_a288 u0_a288 3452 Sep  1 19:50 .
drwx------. 4 u0_a288 u0_a288 3452 Sep  1 19:49 ..
-rw-------. 1 u0_a288 u0_a288  789 Sep  1 19:52 NIC_29.json
total 7
drwx------. 2 u0_a288 u0_a288 3452 Sep  1 19:49 .
drwx------. 4 u0_a288 u0_a288 3452 Sep  1 19:49 ..
total 23
drwx------. 2 u0_a288 u0_a288 3452 Sep  2 09:38 .
drwx------. 6 u0_a288 u0_a288 3452 Sep  1 19:49 ..
-rw-------. 1 u0_a288 u0_a288  919 Sep  2 09:29 LIVA_ART_62.json
-rw-------. 1 u0_a288 u0_a288  828 Sep  2 09:38 LIVA_ART_62_COMPLETA.json
-rw-------. 1 u0_a288 u0_a288  665 Sep  1 19:52 LIVA_Art4.json
-rw-------. 1 u0_a288 u0_a288  665 Sep  2 09:27 LIVA_Art4.v81.bak.json
total 11
drwx------. 2 u0_a288 u0_a288 3452 Sep  1 19:53 .
drwx------. 4 u0_a288 u0_a288 3452 Sep  1 19:49 ..
-rw-------. 1 u0_a288 u0_a288  761 Sep  1 19:53 BA_VEN_NIF_01.json

════ VIII · ejemplo BAVEN_NIF (modelo nacional) ════
{
  "id": "BA_VEN_NIF_01",
  "nombre": "Adaptación local de NIC 29 para efectos fiscales",
  "tipo": "norma_local",
  "jurisdiccion": "local",
  "jerarquia": 5,
  "fuente": "FCCPV, Resolución 2025",
  "fecha_publicacion": "2025-01-15",
  "texto_completo": "Para efectos fiscales, la reexpresión por inflación se ajusta según los lineamientos del SENIAT.",
  "condiciones_activacion": {
    "economia_hiperinflacionaria": true,
    "marco_contable": "BA_VEN_NIF"
  },
  "accion_sugerida": {
    "tipo": "activar_reexpresion",
    "metodo": "BA_VEN_NIF"
  },
  "relaciones": {
    "complementa_a": ["NIC_29"]
  },
  "prioridad_sobre_normas_nacionales": false,
  "nota_para_el_contador": "Esta norma solo aplica si el mandante utiliza el marco BA VEN NIF."
}
