=== B20 · localizar §9 del prompt v6 · 2026-09-24 ===
--- todas las secciones del prompt ---
17:§0 · ESTATUTO DEL PROMPT
42:§0.1 · MÉTODO DE ESTA ITERACIÓN
69:§0.2 · ENTORNO DE OPERACIÓN
94:§1 · ROLES
135:§2 · SISTEMA CERRADO Y BIBLIOTECA DINÁMICA
146:§3 · MOTOR EPISTEMOLÓGICO RODRIGUIANO
186:§4 · NÚCLEOS OPERATIVOS
218:§5 · FRACTALES
241:§6 · CANON · LOCUS Y FUNCIONES
291:§7 · RÉGIMEN DE CITAS (APA + RAW)
301:§8 · RÉGIMEN DE FALSACIÓN
315:§9 · RÉGIMEN DE CONSTRUCCIÓN (Hevner)
346:§10 · RÉGIMEN DE DISEÑO (Sampieri)
368:§11 · RÉGIMEN DE DEUDAS (clasificación)
379:§12 · MODO OPERATIVO · TRES NIVELES
395:§13 · RÉGIMEN DE EVOLUCIÓN E ITERACIÓN
413:§13-bis · RÉGIMEN DE TRAZABILIDAD
435:§13-ter · RÉGIMEN DE CONFLICTO ENTRE NORMAS
453:§14 · EVENTSTORE · ESTADO MATERIAL
475:§15 · ROLES · COINCIDENCIA Y ALCANCE
495:§16 · DEUDAS DECLARADAS Y CLASIFICADAS
555:§17 · MODUS OPERANDI DEL GIRO 05
572:§18 · DIMENSIONES EMERGENTES
584:§19 · DETERMINISMO PROCEDIMENTAL
624:§20 · RÉGIMEN DE MATERIALIZACIÓN
652:§21 · DECISIONES RESIDUALES · SIN CANON

--- sección §9 literal ---
§9 · RÉGIMEN DE CONSTRUCCIÓN (Hevner)

7 guidelines (L1336–1362).
3 ciclos (L1563–1652):
    "These three cycles must be present and clearly identifiable."
    (L1569–1570)

Design Cycle · L1649–1667:
    "The internal design cycle is the heart of any design science
     research project." (L1649–1650)
    "iterates more rapidly between the construction of an artifact,
     its evaluation, and subsequent feedback to refine the design."
     (L1651–1653)
    "until a satisfactory design is achieved." (L1654)
    Balance: "a balance must be maintained..." (L1662–1667)

Satisfacción (L1654 · cita literal):
    "until a satisfactory design is achieved"
    No es estado final único.
    Es declaración local por versión.

Iteración helicoidal · radicalización (L904):
    "cyclical, iterative, or more exactly helical"
    Cada vuelta asciende.

Determinismo del sistema · radicalización (Calderón L30):
    "Determinista: el mate es legal. Se registra, no se evalúa."
    El motor no puede evaluar. No sólo "no evalúa".

────────────────────────────────────────────────────────────────────────

§10 · RÉGIMEN DE DISEÑO (Sampieri)

--- también probar §9 con variantes ---
315:§9 · RÉGIMEN DE CONSTRUCCIÓN (Hevner)
316-
317-7 guidelines (L1336–1362).
318-3 ciclos (L1563–1652):
319-    "These three cycles must be present and clearly identifiable."
320-    (L1569–1570)
321-
322-Design Cycle · L1649–1667:
323-    "The internal design cycle is the heart of any design science
324-     research project." (L1649–1650)
325-    "iterates more rapidly between the construction of an artifact,
326-     its evaluation, and subsequent feedback to refine the design."
327-     (L1651–1653)
328-    "until a satisfactory design is achieved." (L1654)
329-    Balance: "a balance must be maintained..." (L1662–1667)
330-
331-Satisfacción (L1654 · cita literal):
332-    "until a satisfactory design is achieved"
333-    No es estado final único.
334-    Es declaración local por versión.
335-
336-Iteración helicoidal · radicalización (L904):
337-    "cyclical, iterative, or more exactly helical"
338-    Cada vuelta asciende.
339-
340-Determinismo del sistema · radicalización (Calderón L30):
341-    "Determinista: el mate es legal. Se registra, no se evalúa."
342-    El motor no puede evaluar. No sólo "no evalúa".
343-
344-────────────────────────────────────────────────────────────────────────
345-
