════ B110 · test end-to-end por CLI · Fri Sep 25 10:50:34 -04 2026 ════

════ I · ejecutar INVENTARIOS por CLI ════
D.3: EventStore preparado para persistencia canónica.
Asiento: c0fc2836-8b94-461c-98f6-fa02cd9adcd8
  D=850.0  H=850.0  partidas=2
  Cadena: (True, 'CADENA_INTEGRA')

════ II · ejecutar PPE por CLI ════
D.3: EventStore preparado para persistencia canónica.
Asiento: 9415c926-77ca-413f-b595-2aedc9538db5
  D=10000.0  H=10000.0  partidas=2
  Cadena: (True, 'CADENA_INTEGRA')

════ III · eventos registrados ════
Eventos: 4
  id=1 DECISION_H2 corr=CORR-9ea
  id=2 ASIENTO_REGISTRADO corr=CORR-9ea
  id=3 DECISION_H2 corr=CORR-dbb
  id=4 ASIENTO_REGISTRADO corr=CORR-dbb

════ IV · estructura final ════
/data/data/com.termux/files/home/SCFV_DSR/README.md
/data/data/com.termux/files/home/SCFV_DSR/baldor.py
/data/data/com.termux/files/home/SCFV_DSR/dsl/README.md
/data/data/com.termux/files/home/SCFV_DSR/dsl/__init__.py
/data/data/com.termux/files/home/SCFV_DSR/dsl/ejemplos/ejemplo_asiento.scfv
/data/data/com.termux/files/home/SCFV_DSR/dsl/ejemplos/ejemplo_contrato.scfv
/data/data/com.termux/files/home/SCFV_DSR/dsl/ejemplos/ejemplo_integrado.scfv
/data/data/com.termux/files/home/SCFV_DSR/dsl/ejemplos/ejemplo_invariante.scfv
/data/data/com.termux/files/home/SCFV_DSR/dsl/grammar.lark
/data/data/com.termux/files/home/SCFV_DSR/dsl/parser.py
/data/data/com.termux/files/home/SCFV_DSR/dsl/tests/__init__.py
/data/data/com.termux/files/home/SCFV_DSR/dsl/tests/test_asiento_declarado_def.py
/data/data/com.termux/files/home/SCFV_DSR/dsl/tests/test_compatibilidad_s0.py
/data/data/com.termux/files/home/SCFV_DSR/dsl/tests/test_contract_def.py
/data/data/com.termux/files/home/SCFV_DSR/dsl/tests/test_grammar_lalr.py
/data/data/com.termux/files/home/SCFV_DSR/dsl/tests/test_invariant_def.py
/data/data/com.termux/files/home/SCFV_DSR/evaluacion/lectura/leer_eventos_asiento.py
/data/data/com.termux/files/home/SCFV_DSR/evaluacion/normalizacion/normalizar_partidas_para_saldos.py
/data/data/com.termux/files/home/SCFV_DSR/evaluacion/verificacion/REGISTRO_OBSERVACION.log
/data/data/com.termux/files/home/SCFV_DSR/evaluacion/verificacion/observacion_useq_01_20260923T110658Z.json
/data/data/com.termux/files/home/SCFV_DSR/evaluacion/verificacion/test_soporte_minimo.py
/data/data/com.termux/files/home/SCFV_DSR/evaluador.py
/data/data/com.termux/files/home/SCFV_DSR/extractor_evento.py
/data/data/com.termux/files/home/SCFV_DSR/fractales/ARRENDAMIENTOS.scfv
/data/data/com.termux/files/home/SCFV_DSR/fractales/COMBINACIONES.scfv
/data/data/com.termux/files/home/SCFV_DSR/fractales/HIPERINFLACION.scfv
/data/data/com.termux/files/home/SCFV_DSR/fractales/INTANGIBLES.scfv
/data/data/com.termux/files/home/SCFV_DSR/fractales/INVENTARIOS.scfv
/data/data/com.termux/files/home/SCFV_DSR/fractales/MONEDA.scfv
/data/data/com.termux/files/home/SCFV_DSR/fractales/PPE.scfv
/data/data/com.termux/files/home/SCFV_DSR/fractales/PROVISIONES.scfv
/data/data/com.termux/files/home/SCFV_DSR/fractales/SUBVENCIONES.scfv
/data/data/com.termux/files/home/SCFV_DSR/fractales/VENTAS.scfv
/data/data/com.termux/files/home/SCFV_DSR/integrador_s0.py
/data/data/com.termux/files/home/SCFV_DSR/kernel/categorias.json
/data/data/com.termux/files/home/SCFV_DSR/kernel/cuentas.json
/data/data/com.termux/files/home/SCFV_DSR/kernel/operaciones.json
/data/data/com.termux/files/home/SCFV_DSR/kernel/puente.json
/data/data/com.termux/files/home/SCFV_DSR/pyproject.toml
/data/data/com.termux/files/home/SCFV_DSR/scfv_dsr/__init__.py
/data/data/com.termux/files/home/SCFV_DSR/scfv_dsr/cli.py
/data/data/com.termux/files/home/SCFV_DSR/scfv_dsr/contable/__init__.py
/data/data/com.termux/files/home/SCFV_DSR/scfv_dsr/contable/decision_provider.py
/data/data/com.termux/files/home/SCFV_DSR/scfv_dsr/contable/estados.py
/data/data/com.termux/files/home/SCFV_DSR/scfv_dsr/contable/event_store.py
/data/data/com.termux/files/home/SCFV_DSR/scfv_dsr/contable/examinador.py
/data/data/com.termux/files/home/SCFV_DSR/scfv_dsr/contable/maquina_estados_asiento.py
/data/data/com.termux/files/home/SCFV_DSR/scfv_dsr/contable/modelos.py
/data/data/com.termux/files/home/SCFV_DSR/scfv_dsr/contable/motor.py
/data/data/com.termux/files/home/SCFV_DSR/scfv_dsr/contable/nucleo_consecuencias.py
/data/data/com.termux/files/home/SCFV_DSR/scfv_dsr/contable/puente_autorizacion.py
/data/data/com.termux/files/home/SCFV_DSR/scfv_dsr/contable/puente_consecuencias.py
/data/data/com.termux/files/home/SCFV_DSR/scfv_dsr/contable/reportes_motor.py
/data/data/com.termux/files/home/SCFV_DSR/scfv_dsr/contable/reticulo.py
/data/data/com.termux/files/home/SCFV_DSR/scfv_dsr/contable/verificador_autorizacion.py
/data/data/com.termux/files/home/SCFV_DSR/scfv_dsr/dsl/README.md
/data/data/com.termux/files/home/SCFV_DSR/scfv_dsr/dsl/__init__.py
/data/data/com.termux/files/home/SCFV_DSR/scfv_dsr/dsl/ejemplos/ejemplo_asiento.scfv
/data/data/com.termux/files/home/SCFV_DSR/scfv_dsr/dsl/ejemplos/ejemplo_contrato.scfv
/data/data/com.termux/files/home/SCFV_DSR/scfv_dsr/dsl/ejemplos/ejemplo_integrado.scfv
/data/data/com.termux/files/home/SCFV_DSR/scfv_dsr/dsl/ejemplos/ejemplo_invariante.scfv
/data/data/com.termux/files/home/SCFV_DSR/scfv_dsr/dsl/grammar.lark
/data/data/com.termux/files/home/SCFV_DSR/scfv_dsr/dsl/parser.py
/data/data/com.termux/files/home/SCFV_DSR/scfv_dsr/dsl/tests/__init__.py
/data/data/com.termux/files/home/SCFV_DSR/scfv_dsr/dsl/tests/test_asiento_declarado_def.py
/data/data/com.termux/files/home/SCFV_DSR/scfv_dsr/dsl/tests/test_compatibilidad_s0.py
/data/data/com.termux/files/home/SCFV_DSR/scfv_dsr/dsl/tests/test_contract_def.py
/data/data/com.termux/files/home/SCFV_DSR/scfv_dsr/dsl/tests/test_grammar_lalr.py
/data/data/com.termux/files/home/SCFV_DSR/scfv_dsr/dsl/tests/test_invariant_def.py
/data/data/com.termux/files/home/SCFV_DSR/scfv_dsr/epistemologico/__init__.py
/data/data/com.termux/files/home/SCFV_DSR/scfv_dsr/epistemologico/dictum.py
/data/data/com.termux/files/home/SCFV_DSR/scfv_dsr/epistemologico/evidencia.py
/data/data/com.termux/files/home/SCFV_DSR/scfv_dsr/epistemologico/generador_propuesta.py
/data/data/com.termux/files/home/SCFV_DSR/scfv_dsr/epistemologico/intellectus.py
/data/data/com.termux/files/home/SCFV_DSR/scfv_dsr/epistemologico/models.py
/data/data/com.termux/files/home/SCFV_DSR/scfv_dsr/epistemologico/perceptum.py
/data/data/com.termux/files/home/SCFV_DSR/scfv_dsr/evaluador.py
/data/data/com.termux/files/home/SCFV_DSR/scfv_dsr/extractor.py
/data/data/com.termux/files/home/SCFV_DSR/scfv_dsr/fractales/ARRENDAMIENTOS.scfv
/data/data/com.termux/files/home/SCFV_DSR/scfv_dsr/fractales/COMBINACIONES.scfv
/data/data/com.termux/files/home/SCFV_DSR/scfv_dsr/fractales/HIPERINFLACION.scfv
/data/data/com.termux/files/home/SCFV_DSR/scfv_dsr/fractales/INTANGIBLES.scfv
/data/data/com.termux/files/home/SCFV_DSR/scfv_dsr/fractales/INVENTARIOS.scfv
/data/data/com.termux/files/home/SCFV_DSR/scfv_dsr/fractales/MONEDA.scfv
/data/data/com.termux/files/home/SCFV_DSR/scfv_dsr/fractales/PPE.scfv
/data/data/com.termux/files/home/SCFV_DSR/scfv_dsr/fractales/PROVISIONES.scfv
/data/data/com.termux/files/home/SCFV_DSR/scfv_dsr/fractales/SUBVENCIONES.scfv
/data/data/com.termux/files/home/SCFV_DSR/scfv_dsr/fractales/VENTAS.scfv
/data/data/com.termux/files/home/SCFV_DSR/scfv_dsr/fractales/__init__.py
/data/data/com.termux/files/home/SCFV_DSR/scfv_dsr/infraestructura/__init__.py
/data/data/com.termux/files/home/SCFV_DSR/scfv_dsr/infraestructura/serializador_canonico.py
/data/data/com.termux/files/home/SCFV_DSR/scfv_dsr/integrador.py
/data/data/com.termux/files/home/SCFV_DSR/scfv_dsr/kernel/__init__.py
/data/data/com.termux/files/home/SCFV_DSR/scfv_dsr/kernel/baldor.py
/data/data/com.termux/files/home/SCFV_DSR/scfv_dsr/kernel/categorias.json
/data/data/com.termux/files/home/SCFV_DSR/scfv_dsr/kernel/cuentas.json
/data/data/com.termux/files/home/SCFV_DSR/scfv_dsr/kernel/operaciones.json
/data/data/com.termux/files/home/SCFV_DSR/scfv_dsr/kernel/puente.json
/data/data/com.termux/files/home/SCFV_DSR/scfv_dsr/kernel/xnor.py
/data/data/com.termux/files/home/SCFV_DSR/scfv_dsr/profesional/__init__.py
/data/data/com.termux/files/home/SCFV_DSR/scfv_dsr/profesional/h2.py
/data/data/com.termux/files/home/SCFV_DSR/scfv_dsr/profesional/orquestador.py
/data/data/com.termux/files/home/SCFV_DSR/test_h1.py
/data/data/com.termux/files/home/SCFV_DSR/var/scfv.db

════ V · conteo ════
Módulos .py en el paquete:
43
Fractales:
10
JSONs del kernel:
4
Tamaño total:
1.2M	/data/data/com.termux/files/home/SCFV_DSR

════ VI · verificación autocontención ════
Referencias residuales a v6/PODERES en el paquete:
  (ninguna)
  (ninguna en pyproject)

════ VII · hashes del SCFV_DSR completo ════
103 /data/data/com.termux/files/home/SCFV_DSR/HASHES.txt
2160a6e1a2e0579494b6af343873f68e7baa253424ef56348874dff2aa6474d5  /data/data/com.termux/files/home/SCFV_DSR/HASHES.txt
