=== B0-bis · localizar NIC 2 · 2026-09-24 ===
--- ¿NIC 2 real en niif18_2024? ---
358:la moneda de presentación, tal como se define en la NIC 21 Efectos de las variaciones en
1201:de la NIC 2 Existencias;
1255:letras (e) y (f), de la NIC 2, y
2850:elabora estados financieros separados según lo especificado en la NIC 27 Estados financieros
2853:valoración en aplicación del párrafo 10 de la NIC 27. No es necesario que la entidad evalúe si invierte
2920:el método de la participación de acuerdo con el párrafo 16 de la NIC 28 Inversiones en
2921:entidades asociadas y en negocios conjuntos y el párrafo 10, letra (c), de la NIC 27;
2927:de acuerdo con la NIIF 9 en aplicación de los párrafos 18 a 19 de la NIC 28 y el párrafo 11
2928:de la NIC 27, y
2933:separados, se contabilicen al coste en aplicación del párrafo 10, letra (a), de la NIC 27 o se
2934:contabilicen de acuerdo con la NIIF 9 en aplicación del párrafo 10, letra (b), de la NIC 27.
2943:NIC 27;
2949:párrafo 11A de la NIC 27, y
2954:contabilicen al coste en aplicación del párrafo 10, letra (a), de la NIC 27 o de acuerdo con la
2955:NIIF 9 en aplicación del párrafo 10, letra (b), de la NIC 27.
3422:exigido por el párrafo 48 de la NIC 21;
3438:del patrimonio neto al resultado, conforme a lo exigido por el párrafo 48 de la NIC 21.
3445:resultados en aplicación de la NIC 21 en la misma categoría que los ingresos y gastos procedentes
3498:En aplicación del párrafo 28 de la NIC 29 Información financiera en economías hiperinflacionarias, la
3821:ejemplo, en aplicación del párrafo 39 de la NIC 2, la entidad podría presentar un epígrafe
--- ¿NIC 2 real en ifrs_annotated_2025? ---
706:la moneda de presentación, tal como la define la NIC 21 Efectos de las
1880:NIC 2 Inventarios.
1928:revelar según los párrafos 36(e) y 36(f) de la NIC 2; y
4123:especifica en la NIC 27 Estados Financieros Separados y realiza la evaluación por
4126:párrafo 10 de la NIC 27. Una entidad no necesita evaluar si invierte como
4212:NIC 28 Inversiones en Asociadas y Negocios Conjuntos y con el párrafo 10(c)
4213:de la NIC 27;
4220:de la NIC 28 y el párrafo 11 de la NIC 27; y
4226:NIC 27 o de conformidad con la NIIF 9 aplicando el párrafo 10(b) de la
4227:NIC 27.
4236:el párrafo 10(c) de la NIC 27;
4243:NIC 27; y
4248:contabilizan al costo aplicando el párrafo 10(a) de la NIC 27 o de
4249:conformidad con la NIIF 9 aplicando el párrafo 10(b) de la NIC 27.
4782:párrafo 48 de la NIC 21.
4802:las diferencias de cambio requeridas por el párrafo 48 de la NIC 21.
4810:incluidas en el estado del resultado del periodo aplicando la NIC 21 en la
4873:Aplicando el párrafo 28 de la NIC 29 Información Financiera en Economías
5248:párrafo 39 de la NIC 2, una entidad podría presentar una partida para
5319:financieros de un negocio en el extranjero (véase la NIC 21);
--- ¿NIC 2 real en niif_compilado_2026? ---
39:NIC 2: Se sustituye integra.
214:NIC 2 Existencias
807:NIC 2 Existencias
31100:realizable neto de la NIC 2 Existencias o el valor de uso de la NIC 36 Deterioro del valor de los
35079:en el ámbito de aplicación de otra Norma (por ejemplo, la NIC 2 Existencias, la NIC 16 Inmovilizado
35204:relacionados con el contrato que se hayan reconocido de acuerdo con otra Norma (por ejemplo, la NIC 2,
37513:NIC 2 Existencias a los costes soportados durante un determinado período como consecuencia de haber
37515:obligaciones con respecto a esos costes contabilizados aplicando esta Norma o la NIC 2 se reconocerán
48014:de la NIC 2 Existencias;
48068:letras (e) y (f), de la NIC 2, y
50634:ejemplo, en aplicación del párrafo 39 de la NIC 2, la entidad podría presentar un epígrafe
51121:las existencias desagregadas, en aplicación de la NIC 2, en partidas tales como mercancías,
53377:las existencias se desagregarán, de acuerdo con la NIC 2 Existencias, en
54827:NIC 2
54903:NIC 2
54976:NIC 2
55050:NIC 2
55133:NIC 2
55212:NIC 2
55291:NIC 2
--- contexto amplio en niif18_2024 ---
NIC 2 en L2943
NIC 27;

(b)

las inversiones en dependientes mantenidas por una entidad de inversión que se valoren al
valor razonable con cambios en el resultado de acuerdo con el párrafo 31 de la NIIF 10 y el
párrafo 11A de la NIC 27, y

(c)

las inversiones en dependientes presentadas en estados financieros separados que se
contabilicen al coste en aplicación del párrafo 10, letra (a), de la NIC 27 o de acuerdo con la
NIIF 9 en aplicación del párrafo 10, letra (b), de la NIC 27.

Activos que generan un rendimiento por sí solos y en gran medida con independencia
de los demás recursos de la entidad
B45

El párrafo 53, letra (c), exige que la entidad identifique los activos que generan un rendimiento por sí
solos y en gran medida con independencia de sus demás recursos. El rendimiento puede ser positivo
o negativo.

B46

Los activos que generan u rendimiento por sí solos y en gran medida con independencia de los
demás recursos de la entidad a que se refiere el párrafo 53, letra (c), suelen incluir:

B47

(a)

inversiones en deuda o en instrumentos de patrimonio, e

(b)

inversiones inmobiliarias y cuentas a cobrar por alquileres generadas por esas inversiones.

Los ingresos y gastos especificados en el párrafo 54 procedentes de los activos mencionados suelen
incluir:

Febrero 2026

29

NIIF 18
(a)

los intereses;

(b)

los dividendos;

(c)

los ingresos por alquileres;

(d)

las amortizaciones ligadas a activos tangibles;

(e)

las pérdidas por deterioro del valor y reversiones de pérdidas por deterioro del valor;

(f)

las pérdidas y ganancias al valor razonable, y

(g)

los ingresos y gastos procedentes de la baja en cuentas del activo o su clasificación y nueva
valoración como mantenido para la venta (véanse los párrafos B60 a B64).

Activos que no generan un rendimiento por sí solos ni en gran medida con
independencia de los demás recursos de la entidad
B48

B49

Los activos que la entidad utiliza en combinación con otros activos para producir o suministrar bienes
--- BIBLIOTECA/NIIF18_2024 · CITAS.md ---
# CITAS.md — NIIF18_2024
# INDICE.md — NIIF18_2024
--- ¿qué normas completas hay en niif18_2024? ---
1:NIIF 18
1787:NIC 36;
2943:NIC 27;
2955:NIIF 9 en aplicación del párrafo 10, letra (b), de la NIC 27.
--- alternativa · usar NIC_29 · ya en corpus ---
2:  "id": "NIC_29",
7:  "fuente": "NIC 29 (IAS 29)",
15:    "metodo": "NIC_29"
21:  "nota_para_el_contador": "La NIC 29 tiene prioridad sobre cualquier norma nacional que contradiga el método de reexpresión."
{
  "id": "NIC_29",
  "nombre": "Reexpresión por inflación",
  "tipo": "norma_internacional",
  "jurisdiccion": "internacional",
  "jerarquia": 4,
  "fuente": "NIC 29 (IAS 29)",
  "fecha_publicacion": "2024-01-01",
  "texto_completo": "En economías hiperinflacionarias, los estados financieros deben reexpresarse en moneda de poder adquisitivo constante al cierre del período.",
  "condiciones_activacion": {
    "economia_hiperinflacionaria": true
  },
  "accion_sugerida": {
    "tipo": "activar_reexpresion",
    "metodo": "NIC_29"
  },
  "relaciones": {
    "es_complementada_por": ["BA_VEN_NIF_01"]
  },
  "prioridad_sobre_normas_nacionales": true,
  "nota_para_el_contador": "La NIC 29 tiene prioridad sobre cualquier norma nacional que contradiga el método de reexpresión."
}
--- alternativa · usar LIVA_ART_62 · 3 eventos ---
/data/data/com.termux/files/home/scfv_v6/normas/nacionales/leyes_organicas/LIVA_ART_62.json
/data/data/com.termux/files/home/scfv_v6/normas/nacionales/leyes_organicas/LIVA_ART_62_COMPLETA.json
/data/data/com.termux/files/home/scfv_v6/normas/internacionales/NIC/NIC_29.json
/data/data/com.termux/files/home/scfv_v6/normas/nacionales/leyes_organicas/LIVA_Art4.json
/data/data/com.termux/files/home/scfv_v6/normas/nacionales/leyes_organicas/LIVA_Art4.v81.bak.json
/data/data/com.termux/files/home/scfv_v6/normas/nacionales/leyes_organicas/LIVA_ART_62.json
/data/data/com.termux/files/home/scfv_v6/normas/nacionales/leyes_organicas/LIVA_ART_62_COMPLETA.json
/data/data/com.termux/files/home/scfv_v6/normas/locales/BAVEN_NIF/BA_VEN_NIF_01.json
/data/data/com.termux/files/home/scfv_v6/normas/schema_v8.2.1.json
