=== B32 · reensamblaje del artefacto · 2026-09-24 ===
════ I · 06_diseno.md · secciones 11.6 11.7 y siguientes ════
§11.6 — Cadena funcional. Organización propuesta por el diseño: tablero → secuencia → trayectoria → evaluación → demostración. No es declaración retrospectiva de arquitectura existente en S0.

§11.7 — Reuso de componentes S0.

- xnor.py (kernel de producto).
- motor_contable/motor.py (invariantes I2, I13, I6).
- event_store/event_store.py (hash chain).
- maquina_estados_asiento.py (7 estados).
- decision_provider.py (adaptador de DECISION_H2).
- nucleo_consecuencias.py.
- Los 225 tests que pasan.

§11.8 — Componentes a reconstruir por el design cycle.

- normas/, perfiles/, DOMINIOS/.
- Fractales históricos (Ventas, Compras, Inventario, Fiscal).
- Los 3 tests fallidos (test_schema_validator, test_and_condition, test_carga_normas_validas).
- El skip test_E12_universo_cerrado.

§12 — Fractalidad acotada y materialización de segundo orden
§12.3 — Estatuto en el SCFV_DSR. Hipótesis a ensayar por el design cycle. No propiedad declarada.

§12.4 — Acotación. Cualquier afirmación sobre preservación de invariantes queda limitada al dominio de materializaciones y transformaciones efectivamente ensayadas.

§12.5 — Estatuto del teorema. Si el SCFV_DSR sostiene la fractalidad acotada en sus ensayos, refuerza la conjetura de FRACTALIDAD_ACOTADA.md §3. No la eleva a teorema.

La elevación a teorema requiere acto matemático formal separado, con las cuatro condiciones de FRACTALIDAD_ACOTADA.md §7 cumplidas:

1. Extensión a NIIF completas.
2. Transformaciones no ensayadas.
3. Invariantes no lineales.
4. Validación cruzada completa.

DSR produce artefactos, no teoremas.

§13 — Hipótesis emergentes

════ II · puentes del motor · autorización y consecuencia ════
-rw-------. 1 u0_a288 u0_a288     0 Aug 31 16:00 /data/data/com.termux/files/home/scfv_v6/PODERES/CONTABLE/__init__.py
-rw-------. 1 u0_a288 u0_a288  2481 Sep  2 21:02 /data/data/com.termux/files/home/scfv_v6/PODERES/CONTABLE/decision_provider.py
-rw-------. 1 u0_a288 u0_a288  1756 Sep 13 11:23 /data/data/com.termux/files/home/scfv_v6/PODERES/CONTABLE/estados.py
-rw-------. 1 u0_a288 u0_a288  3841 Sep 13 08:12 /data/data/com.termux/files/home/scfv_v6/PODERES/CONTABLE/examinador.py
-rw-------. 1 u0_a288 u0_a288 10134 Sep 13 12:07 /data/data/com.termux/files/home/scfv_v6/PODERES/CONTABLE/importador_s0.py
-rw-------. 1 u0_a288 u0_a288  7551 Sep  3 11:11 /data/data/com.termux/files/home/scfv_v6/PODERES/CONTABLE/maquina_estados_asiento.py
-rw-------. 1 u0_a288 u0_a288  1450 Sep  2 16:22 /data/data/com.termux/files/home/scfv_v6/PODERES/CONTABLE/modelos.py
-rw-------. 1 u0_a288 u0_a288  9476 Sep 11 22:49 /data/data/com.termux/files/home/scfv_v6/PODERES/CONTABLE/nucleo_consecuencias.py
-rw-------. 1 u0_a288 u0_a288  4657 Sep  3 12:17 /data/data/com.termux/files/home/scfv_v6/PODERES/CONTABLE/puente_autorizacion.py
-rw-------. 1 u0_a288 u0_a288  5278 Sep  3 14:30 /data/data/com.termux/files/home/scfv_v6/PODERES/CONTABLE/puente_consecuencias.py
-rw-------. 1 u0_a288 u0_a288  5539 Sep 12 21:54 /data/data/com.termux/files/home/scfv_v6/PODERES/CONTABLE/reportes_motor.py
-rw-------. 1 u0_a288 u0_a288  3933 Sep 13 07:09 /data/data/com.termux/files/home/scfv_v6/PODERES/CONTABLE/reticulo.py
-rw-------. 1 u0_a288 u0_a288  3232 Sep  3 11:06 /data/data/com.termux/files/home/scfv_v6/PODERES/CONTABLE/verificador_autorizacion.py
-rw-------. 1 u0_a288 u0_a288  2375 Sep 11 22:37 /data/data/com.termux/files/home/scfv_v6/PODERES/CONTABLE/xnor.py
/data/data/com.termux/files/home/scfv_v6/BACKUP_F3B6/nucleo_consecuencias.py
/data/data/com.termux/files/home/scfv_v6/PODERES/CONTABLE/nucleo_consecuencias.py
/data/data/com.termux/files/home/scfv_v6/PODERES/CONTABLE/puente_autorizacion.py
/data/data/com.termux/files/home/scfv_v6/PODERES/CONTABLE/puente_consecuencias.py
/data/data/com.termux/files/home/scfv_v6/SCFV_S0_ESTADO_20260906_164734/PODERES/CONTABLE/nucleo_consecuencias.py
/data/data/com.termux/files/home/scfv_v6/SCFV_S0_ESTADO_20260906_164734/PODERES/CONTABLE/puente_autorizacion.py
/data/data/com.termux/files/home/scfv_v6/SCFV_S0_ESTADO_20260906_164734/PODERES/CONTABLE/puente_consecuencias.py

════ III · API de puentes ════
--- /data/data/com.termux/files/home/scfv_v6/BACKUP_F3B6/nucleo_consecuencias.py ---
27:class NucleoConsecuencias:
36:    def __init__(self, verificador):
48:    def _calcular_ubicacion_xnor(
78:    def _es_aceptar(self, tipo_decision: Any) -> bool:
95:    def construir_consecuencia_autorizada(
--- /data/data/com.termux/files/home/scfv_v6/PODERES/CONTABLE/nucleo_consecuencias.py ---
27:class NucleoConsecuencias:
36:    def __init__(self, verificador):
48:    def _calcular_ubicacion_xnor(
61:    def _es_aceptar(self, tipo_decision: Any) -> bool:
78:    def construir_consecuencia_autorizada(
--- /data/data/com.termux/files/home/scfv_v6/PODERES/CONTABLE/puente_autorizacion.py ---
35:class PuenteAutorizacion:
44:    def __init__(self, maquina: MaquinaEstadosAsiento):
48:    def _es_aceptar(tipo_decision) -> bool:
57:    def autorizar_admitido(
--- /data/data/com.termux/files/home/scfv_v6/PODERES/CONTABLE/puente_consecuencias.py ---
48:class PuenteConsecuencias:
53:    def __init__(
61:    def construir_consecuencia_autorizada(
--- /data/data/com.termux/files/home/scfv_v6/SCFV_S0_ESTADO_20260906_164734/PODERES/CONTABLE/nucleo_consecuencias.py ---
27:class NucleoConsecuencias:
36:    def __init__(self, verificador):
48:    def _calcular_ubicacion_xnor(
78:    def _es_aceptar(self, tipo_decision: Any) -> bool:
95:    def construir_consecuencia_autorizada(

════ IV · H6_CIERRE.md · pipeline completo ════
**Rango:** H6.1 → H6.10.
**Fecha:** 2026-09-12.
**Autoridad:** acuerdo I1/I2.

**Función de este documento:**
Responder una sola pregunta: *¿qué quedó efectivamente demostrado en H6,
mediante qué evidencia, con qué alcance, y cuáles son sus fronteras?*

No es el tratado teórico (ver `FRACTALIDAD_ACOTADA.md`).
No es el cierre de SCFV Motor (ver `SCFV_MOTOR_CIERRE.md`).

**Vocabulario de clasificación usado en cada hito:**
CONTRACT / IMPLEMENTATION / EVIDENCE / HYPOTHESIS / FALSATION /
VALIDATION / DESIGN DECISION / VERDICT.

---

## H6.1 — Localización del ensamblaje v8.2

- **CONTRACT:** identificar todos los componentes de la cadena
  `H1 → H2 → DP → VA → PA → NC → PC → MC → ASENTADO → EventStore`.
- **IMPLEMENTATION:** grep forense + lectura AST de firmas.
- **EVIDENCE:** `generador_propuesta`, `h2`, `decision_provider`,
  `verificador_autorizacion`, `puente_autorizacion`,
  `puente_consecuencias`, `nucleo_consecuencias`, `motor_contable`,
  `maquina_estados_asiento`.
- **VALIDATION:** firmas leídas, todas presentes.
- **VERDICT:** CERRADO. Componentes localizados con firma explícita.

---

## H6.2 — Definición del ensamblaje

- **CONTRACT:** especificar el orquestador que encadena los componentes.
- **IMPLEMENTATION:** diseño de `ejecutar_ciclo_v82`.
- **DESIGN DECISION:** orquestador nuevo, archivo separado, sin tocar
  `integrador.py`.
- **VERDICT:** CERRADO.

---

## H6.3 — Ensamblaje ejecutable aislado

- **CONTRACT:** el orquestador produce asiento end-to-end en memoria.
- **IMPLEMENTATION:** `PODERES/PROFESIONAL/orquestador_v82.py`.
- **EVIDENCE:** `test_orquestador_v82_contrato` verde.
- **VALIDATION:** C1–C9 verificados (estructura, partidas, totales,
  `correlation_id`, determinismo, `DECISION_H2`, `version_contexto`,
  `ASENTADO`, `ASIENTO_REGISTRADO`).
- **VERDICT:** CERRADO.

---

## H6.4 — CLI expone `v82`
## H6.10-a′/b′ — Preservación bajo agregación aditiva

- **CONTRACT:** `V(período) == Σ_i V(asiento_i)` componente a
  componente, con `V(cuenta) = Σ signo·monto`.
- **IMPLEMENTATION:** cuatro asientos con cuentas reutilizadas, signos
  opuestos, cobertura desigual.

════ V · orquestador_v82.py · firma ════
/data/data/com.termux/files/home/scfv_v6/PODERES/PROFESIONAL/orquestador_v82.py
--- /data/data/com.termux/files/home/scfv_v6/PODERES/PROFESIONAL/orquestador_v82.py ---
24:def ejecutar_ciclo_v82(

════ VI · núcleo consecuencias · qué produce ════
--- /data/data/com.termux/files/home/scfv_v6/BACKUP_F3B6/nucleo_consecuencias.py ---
"""
SCFV v8.1+ — Núcleo de Consecuencias (F3B.5)
Autor: Domingo E. Díaz N. (C.P.C. Nº 183594)
Fecha: 2026-09-03

Propósito: Traducir la decisión profesional (H₂) y la consecuencia candidata
del fractal en una ConsecuenciaAutorizada, enriqueciendo trazabilidad
y contexto contable.

El NC:
- NO decide.
- NO ejecuta el asiento.
- NO persiste.
- NO genera consecuencias económicas.
- NO sustituye al fractal.
- NO sustituye al Motor Contable.
"""

import time
from typing import List, Dict, Any
from enum import Enum

from PODERES.EPISTEMOLOGICO.modelos.models import DecisionProfesional
from PODERES.CONTABLE.modelos import ConsecuenciaAutorizada, ContextoContable


class NucleoConsecuencias:
    """
    Núcleo de Consecuencias.

    Materializa una consecuencia candidata previamente generada
    por el dominio/fractal cuando existe una decisión H₂ de ACEPTAR
    y el estado se encuentra en ADMITIDO.
    """

    def __init__(self, verificador):
        """
        El NC depende únicamente del verificador de autorización.

        No existe dependencia con MotorContable.
        """
        self.verificador = verificador

    # ------------------------------------------------------------------
    # XNOR
    # ------------------------------------------------------------------

    def _calcular_ubicacion_xnor(
        self,
        naturaleza: str,
--- /data/data/com.termux/files/home/scfv_v6/PODERES/CONTABLE/nucleo_consecuencias.py ---
"""
SCFV v8.1+ — Núcleo de Consecuencias (F3B.5)
Autor: Domingo E. Díaz N. (C.P.C. Nº 183594)
Fecha: 2026-09-03

Propósito: Traducir la decisión profesional (H₂) y la consecuencia candidata
del fractal en una ConsecuenciaAutorizada, enriqueciendo trazabilidad
y contexto contable.

El NC:
- NO decide.
- NO ejecuta el asiento.
- NO persiste.
- NO genera consecuencias económicas.
- NO sustituye al fractal.
- NO sustituye al Motor Contable.
"""

import time
from typing import List, Dict, Any
from enum import Enum

from PODERES.EPISTEMOLOGICO.modelos.models import DecisionProfesional
from PODERES.CONTABLE.modelos import ConsecuenciaAutorizada, ContextoContable


class NucleoConsecuencias:
    """
    Núcleo de Consecuencias.

    Materializa una consecuencia candidata previamente generada
    por el dominio/fractal cuando existe una decisión H₂ de ACEPTAR
    y el estado se encuentra en ADMITIDO.
    """

    def __init__(self, verificador):
        """
        El NC depende únicamente del verificador de autorización.

        No existe dependencia con MotorContable.
        """
        self.verificador = verificador

    # ------------------------------------------------------------------
    # XNOR
    # ------------------------------------------------------------------

    def _calcular_ubicacion_xnor(
        self,
        naturaleza: str,
--- /data/data/com.termux/files/home/scfv_v6/SCFV_S0_ESTADO_20260906_164734/PODERES/CONTABLE/nucleo_consecuencias.py ---
"""
SCFV v8.1+ — Núcleo de Consecuencias (F3B.5)
Autor: Domingo E. Díaz N. (C.P.C. Nº 183594)
Fecha: 2026-09-03

Propósito: Traducir la decisión profesional (H₂) y la consecuencia candidata
del fractal en una ConsecuenciaAutorizada, enriqueciendo trazabilidad
y contexto contable.

El NC:
- NO decide.
- NO ejecuta el asiento.
- NO persiste.
- NO genera consecuencias económicas.
- NO sustituye al fractal.
- NO sustituye al Motor Contable.
"""

import time
from typing import List, Dict, Any
from enum import Enum

from PODERES.EPISTEMOLOGICO.modelos.models import DecisionProfesional
from PODERES.CONTABLE.modelos import ConsecuenciaAutorizada, ContextoContable


class NucleoConsecuencias:
    """
    Núcleo de Consecuencias.

    Materializa una consecuencia candidata previamente generada
    por el dominio/fractal cuando existe una decisión H₂ de ACEPTAR
    y el estado se encuentra en ADMITIDO.
    """

    def __init__(self, verificador):
        """
        El NC depende únicamente del verificador de autorización.

        No existe dependencia con MotorContable.
        """
        self.verificador = verificador

    # ------------------------------------------------------------------
    # XNOR
    # ------------------------------------------------------------------

    def _calcular_ubicacion_xnor(
        self,
        naturaleza: str,

════ VII · 06_diseno §8.2 completo (rigor cycle) ════
§8.2 — Rigor cycle

Nota de estatuto: el pipeline perceptum → intellectus → dictum se declara como interpretación del diseñador sobre la arquitectura de S0. No es estructura declarada explícitamente por S0. El orquestador que integra las tres clases vive en PODERES/PROFESIONAL/interfaces/cli/, no en PODERES/EPISTEMOLOGICO/.

Hevner L1615:

«The Rigor Cycle connects the design science activities with the knowledge base of scientific foundations, experience, and expertise that informs the research project.»

El rigor cycle se ancla en la ruta canónica v8.2 de SCFV Motor 9.0.0, conforme a migracion_v82.md:

orquestador_v82 → H1 → H2 → autorización → consecuencia → MotorContable → ASIENTO_REGISTRADO

No se ancla en la ruta legacy (deprecada).

El rigor cycle se ancla en:

- (a) Invariantes verificados del Programa: I2, I13, I6, XNOR tres caras, hash chain EventStore.
- (b) Los 229 tests recogidos de S0: 225 pasan, 3 fallan por ausencia de datos externos (normas/, perfiles/) — deuda técnica del Release que el design cycle declara reconstruir —, 1 pospuesto por vaciedad (test_E12_universo_cerrado) — reconsiderado en el design cycle.
- (c) maquina_estados_asiento.py con sus 7 estados: PROPUESTO → EVALUADO → ADMITIDO/MODIFICADO/RECHAZADO → ASENTADO → ANULADO.
- (d) DECISION_H2 persistido antes del asiento (precedente de trayectoria).
- (e) Estado del Arte 2.0, declarado como documento previsto del Release S0.

No se declara «suite OK». Se declara el estado real.

§8.3 — Design cycle
- D-V2-2: pipeline declarado como interpretación del diseñador (§8.2).
- D-V2-3: «descompone» en lugar de «puede descomponer» (§4.5).
- E-V2-1: V3 sustituye V2 en encabezado.
- E-V2-2: §2.1 declara reproducción literal.
- E-V2-3: §14.1 declara estatuto del Acta.

§21.5 — Deudas consolidadas

Cerradas: D-02, D-05, D-11 a D-16.

Abiertas:

- D-01: NIIF diferida a Giro 4+.
- D-03: Merlin no materializado.
- D-04: usuarios como interpretaciones.
- D-06: validación cruzada de fractalidad pendiente.
- D-07: reutilización como hipótesis declarada.
- D-08: universalidad partida doble abierta.
- D-09: HL-46 cerrado con nota de error.
- D-10: Romney raw parcial.

§21.6 — Regla de trazabilidad. Ninguna divergencia del ciclo se considera desaparecida por consolidación.

---

§22 — FIRMAS

El presente documento cierra el ciclo de falsación bilateral sobre 06_diseno.md.

Autoría y verificación:

- IA-1 (constructor): redacción de Partes 1, 2 y 3. Constancia. Fecha: 2026-09-21
- IA-2 (falsador): falsación bilateral por bloques + verificación contra Termux. Constancia. Fecha: 2026-09-21
- Operador (autoridad): decisión de materialización. Firma. Fecha: 2026-09-21

Estatuto final del documento: DISENO — V3 · CERRADO EN FALSACIÓN.

El ciclo §19.2 correspondiente a este acto queda cerrado técnicamente. El cierre formal corresponde al Operador.

FIN DEL DOCUMENTO — 06_diseno.md V3

---

VIGENCIA

Documento firmado y vigente desde 2026-09-21.
Acta de firma: ACTAS/ACTA_FIRMA_06_diseno_2026-09-21.md
Estado: DISENO — V3 · VIGENTE.

════ VIII · 06_diseno §11.7 · reuso de componentes S0 ════
§11.7 — Reuso de componentes S0.

- xnor.py (kernel de producto).
- motor_contable/motor.py (invariantes I2, I13, I6).
- event_store/event_store.py (hash chain).
- maquina_estados_asiento.py (7 estados).
- decision_provider.py (adaptador de DECISION_H2).
- nucleo_consecuencias.py.
- Los 225 tests que pasan.

§11.8 — Componentes a reconstruir por el design cycle.

- normas/, perfiles/, DOMINIOS/.
- Fractales históricos (Ventas, Compras, Inventario, Fiscal).
- Los 3 tests fallidos (test_schema_validator, test_and_condition, test_carga_normas_validas).
- El skip test_E12_universo_cerrado.

§12 — Fractalidad acotada y materialización de segundo orden
- D3: reuso de componentes S0 declarado (§11.7).
- D4: citas Hevner (Guideline 6, L1340–1362).
- H-04: pipeline se orquesta en CLI.
- H-05: main.py.BACKUP_D2 residuo declarado.
- E-09: cadena §9.3 declarada como organización del diseño.

§21.3 — Divergencias de Parte 3

- D2: reformulación funcional declarada (§15.2).
- D3: esquema de deudas consolidado (§16, §21).
- D4: categorías de propiedades declaradas propuesta del diseñador (§17.3).
- D5: condiciones de refutación declaradas propuesta del diseñador (§18.2).
- D6: cuatro adjetivos integrados (§19.4).
- D7: categorías de resultado declaradas propuesta del diseñador (§20.3).
- D8: remisión a 04_ipve_operacionalizado.md (§19.4).
- E-12: hipótesis emergentes remitidas a Parte 1 §3.3 y Parte 2 §13.
- E-13: Horizonte Rodriguiano anclado en Protocolo §3 y Fundacional §2.1–§2.3.

§21.4 — Correcciones adicionales integradas en V3

- T1: elevación de estatuto de las cuatro ausencias declarada (§2.2).
- T2: transformación de estatuto del término «tablero» declarada (§11.1).
- D-V2-1: O1–O8 reproducidos literalmente (§2.1).
- D-V2-2: pipeline declarado como interpretación del diseñador (§8.2).
- D-V2-3: «descompone» en lugar de «puede descomponer» (§4.5).
- E-V2-1: V3 sustituye V2 en encabezado.
- E-V2-2: §2.1 declara reproducción literal.
- E-V2-3: §14.1 declara estatuto del Acta.

§21.5 — Deudas consolidadas

Cerradas: D-02, D-05, D-11 a D-16.

Abiertas:

- D-01: NIIF diferida a Giro 4+.
- D-03: Merlin no materializado.
- D-04: usuarios como interpretaciones.
- D-06: validación cruzada de fractalidad pendiente.
- D-07: reutilización como hipótesis declarada.
- D-08: universalidad partida doble abierta.
- D-09: HL-46 cerrado con nota de error.
- D-10: Romney raw parcial.

§21.6 — Regla de trazabilidad. Ninguna divergencia del ciclo se considera desaparecida por consolidación.

---

§22 — FIRMAS

El presente documento cierra el ciclo de falsación bilateral sobre 06_diseno.md.

Autoría y verificación:

- IA-1 (constructor): redacción de Partes 1, 2 y 3. Constancia. Fecha: 2026-09-21
- IA-2 (falsador): falsación bilateral por bloques + verificación contra Termux. Constancia. Fecha: 2026-09-21
- Operador (autoridad): decisión de materialización. Firma. Fecha: 2026-09-21

Estatuto final del documento: DISENO — V3 · CERRADO EN FALSACIÓN.

El ciclo §19.2 correspondiente a este acto queda cerrado técnicamente. El cierre formal corresponde al Operador.

FIN DEL DOCUMENTO — 06_diseno.md V3

---

VIGENCIA

Documento firmado y vigente desde 2026-09-21.
Acta de firma: ACTAS/ACTA_FIRMA_06_diseno_2026-09-21.md
Estado: DISENO — V3 · VIGENTE.

════ IX · movimiento de xnor.py en el diseño ════
297-§5.2 — XNOR como kernel de producto
298-
299:PODERES/CONTABLE/xnor.py declara:
300-
301-«XNOR contable — fuente única del axioma de cargo/abono.
302-
303-Tres representaciones equivalentes de la misma regla estructural:
304-
305-1. Booleana : tabla cerrada de 4 combinaciones
306-2. GF(2)    : 1 ⊕ n ⊕ m  (1 → DEBE, 0 → HABER)
307-3. Signos   : χ(n) · χ(m)  (+1 → DEBE, −1 → HABER)
308-
309-[...] Ninguna de las tres reemplaza a las otras: son tres vistas del mismo invariante. La coincidencia entre ellas se verifica por test.»
--
528-§11.7 — Reuso de componentes S0.
529-
530:- xnor.py (kernel de producto).
531-- motor_contable/motor.py (invariantes I2, I13, I6).
532-- event_store/event_store.py (hash chain).
533-- maquina_estados_asiento.py (7 estados).
534-- decision_provider.py (adaptador de DECISION_H2).
535-- nucleo_consecuencias.py.
536-- Los 225 tests que pasan.
537-
538-§11.8 — Componentes a reconstruir por el design cycle.
539-
540-- normas/, perfiles/, DOMINIOS/.
--
733-- D3: síntesis del redactor — declarada en §4.4.
734-- D4: comillas unificadas a «...».
735:- D5: xnor.py como fuente primaria de implementación.
736-- E-07: Sampieri en capítulos pertinentes (2–6). Estructuración del artefacto corresponde a DSR/Hevner.
737-
738-§21.2 — Divergencias de Parte 2
739-
740-- D1: SCFV_DSR como materialización del Programa, no derivado de S0.
741-- D2: 229 tests recogidos / 225 pasan / 3 fallan / 1 skip.
742-- D3: reuso de componentes S0 declarado (§11.7).
743-- D4: citas Hevner (Guideline 6, L1340–1362).
744-- H-04: pipeline se orquesta en CLI.
745-- H-05: main.py.BACKUP_D2 residuo declarado.

════ X · ¿dónde encaja el SCFV_DSR en el ensamblaje? ════
6-Versión: V3 · consolidada con correcciones T1, T2 y ciclo de falsación
7-Nivel: DISENO
8:Unidad del acto: DISENO_ARTEFACTO_SCFV_DSR, conforme Protocolo §2
9:Naturaleza: Diseño del artefacto SCFV_DSR
10-Marco: Hevner & Chatterjee 2010 (Design Science Research)
11-Ruta de investigación: Sampieri Cap 2–4 (Caps 5–6 declarados; Caps 8–10 diferidos)
12-Estatuto epistemológico: DISENO — V3 · CERRADO EN FALSACIÓN
13-Antecedentes: 01_idea.md, 02_planteamiento.md V4d, 03_rutas.md V2, 04_ipve_operacionalizado.md V2, 05_marco_teorico.md V1
14-Régimen: invocación operativa. Sin adopción formal de fuentes externas.
15-Nota de versión: V3 sustituye al borrador V2. V2 no fue materializado en disco.
16-Estado de materialización: MATERIALIZADO por decisión del Operador.
17-
18-Estructura:
19-- Parte 1 — Fundamento (§0–§5)
20-- Parte 2 — Artefacto y materialización (§6–§14)
21-- Parte 3 — Congruencia, deudas, falsación y cierre (§15–§20)
22-- §21 — Consolidación del ciclo de falsación
23-- §22 — Firmas
24-
--
29-§0 — Estatuto del documento
30-
31:El presente documento especifica el diseño del artefacto SCFV_DSR del Giro 04 del Programa de Investigación SCFV.
32-
33:El estatuto metodológico adoptado es Design Science Research (DSR), conforme a Hevner & Chatterjee (2010).
34-
35:La adopción de DSR constituye un estatuto metodológico. No constituye, por sí misma, demostración de una contribución científica.
36-
37-En consecuencia:
38-
39:«DSR confirmado = estatuto metodológico adoptado.»
40-
41:La contribución, utilidad, calidad y eficacia del artefacto quedan sometidas al ciclo DSR de construcción, evaluación y refinamiento.
42-
43-La articulación metodológica del Giro 04 es:
44-
45-«Sampieri → organiza la investigación.
46-Hevner → estructura el diseño.
47-Rodríguez → rige el proceso de diseño.
48-XNOR → rige el núcleo del producto.»
49-
50-Esta articulación no establece equivalencia entre los cuatro elementos. Cada uno cumple función distinta.
51-
52:Advertencia de rigor: el uso del knowledge base (KB) no equivale a contribución al KB. Hevner L1476–1481 distingue DSR (contribución) de professional design (aplicación). El presente diseño declara su estatuto DSR en función de los constructs nuevos y las dos kernel theories, no del reuso de componentes de S0.
53-
54-§1 — Objeto
55-
56:§1.1 — Artefacto SCFV_DSR
57-
58:El objeto del diseño es el artefacto SCFV_DSR, orientado a investigar la representación y evaluación de secuencias de movimientos contables como trayectorias observables de estado.
59-
60:El artefacto se denomina SCFV_DSR (Design Science Research del Programa SCFV). No se identifica con la designación interna S1 utilizada por SCFV-S0 para el espacio de reensamblaje. El nombre declara el estatuto metodológico del artefacto.
61-
62-§1.2 — Fractalidad acotada
63-
64-La relación entre S0 y el artefacto se formula como fractalidad acotada, conforme a FRACTALIDAD_ACOTADA.md L142–143:
65-
66-«Fractalidad ≠ identidad de representación.
67-Fractalidad = preservación mediante representación suficiente.»
68-
