════ B48 · mapeo de 35 secciones · Thu Sep 24 22:33:07 -04 2026 ════

════ I · títulos de las 35 secciones ════
--- Sección 1 ---
175:Apéndice de la Sección 19—Guía de aplicación
349:Sección 1
567:Sección 10
--- Sección 2 ---
187:Apéndice de la Sección 21—Ejemplos ilustrativos
195:Apéndice a la Sección 22—Ejemplo Ilustrativo de la contabilización de
205:Apéndice de la Sección 23—Guía de aplicación
--- Sección 3 ---
245:Apéndice de la Sección 30—Guía de aplicación
367:Sección 3
1154:30.28 y 30.29 y el Apéndice de la Sección 30).
--- Sección 4 ---
409:Sección 4
3596:Sección 4
22629:Sección 4
--- Sección 5 ---
430:Sección 5
3967:Sección 5
4308:además de la información exigida en la Sección 5 Estado del Resultado Integral y
--- Sección 6 ---
439:Sección 6
4222:Sección 6
20165:patrimonio se revelarán de acuerdo con la Sección 6 Estado de Cambios en el
--- Sección 7 ---
456:Sección 7
4354:Sección 7
22655:Sección 7
--- Sección 8 ---
485:Sección 8
4903:Sección 8
22670:Sección 8
--- Sección 9 ---
550:Sección 9
728:alinearla con la definición de "control" de la Sección 9
5044:Sección 9
--- Sección 10 ---
567:Sección 10
3365:las políticas contables contenidos en la Sección 10 Políticas Contables,
3998:viceversa es un cambio de política contable al que se aplica la Sección 10
--- Sección 11 ---
587:Sección 11
4492:la Sección 11 Instrumentos Financieros), una entidad clasificará los flujos de
5088:contabilizará de acuerdo con los requerimientos de la Sección 11 Instrumentos
--- Sección 12 ---
649:Reubicación a la nueva Sección 12 Medición del Valor
665:Sección 12 Otros Temas relacionados con los Instrumentos Financieros a una parte separada de esta
677:Sección 12
--- Sección 13 ---
687:Sección 13
8627:Sección 13
14940:para esos costos (por ejemplo, la Sección 13 Inventarios, la Sección 17
--- Sección 14 ---
707:Sección 14
5503:Financieros; si es una asociada, se aplica la Sección 14 Inversiones en Asociadas; si
6326:Consolidados y Separados, la Sección 14 Inversiones en Asociadas o la
--- Sección 15 ---
717:Sección 15
5504:es una entidad controlada conjuntamente, se aplica la Sección 15 Acuerdos
6327:Sección 15 Inversiones en Acuerdos Conjuntos.
--- Sección 16 ---
765:Sección 16
9564:Sección 16
9791:desproporcionados. La Sección 16 Propiedades de Inversión se aplicará a
--- Sección 17 ---
781:Sección 17
1245:Sección 17 Propiedades, Planta y Equipo (véanse los
3633:el alcance de la Sección 17 Propiedades, Planta y Equipo);
--- Sección 18 ---
817:Sección 18
10372:Sección 18
11066:reconocimiento establecidos en la Sección 18 Activos Intangibles distintos de la
--- Sección 19 ---
175:Apéndice de la Sección 19—Guía de aplicación
673:combinación de negocios que surja de la Sección 19
832:Sección 19
--- Sección 20 ---
843:Sección 20
6338:arrendamientos, a los que se aplica la Sección 20 Arrendamientos o el
7571:arrendamientos dentro del alcance de la Sección 20 Arrendamientos. Por
--- Sección 21 ---
187:Apéndice de la Sección 21—Ejemplos ilustrativos
862:Sección 21
1057:de la Sección 21 Provisiones y Contingencias (véanse
--- Sección 22 ---
195:Apéndice a la Sección 22—Ejemplo Ilustrativo de la contabilización de
522:la Sección 22 Pasivos y Patrimonio a esta sección (ver
930:Sección 22
--- Sección 23 ---
205:Apéndice de la Sección 23—Guía de aplicación
426:la Sección 23 Ingresos de Actividades Ordinarias
639:Sección 23 revisada (ver párrafos 11.13 y 11.13A).
--- Sección 24 ---
952:Sección 24
10505:recibe o es exigible la subvención, de acuerdo con la Sección 24 Subvenciones del
15780:Sección 24
--- Sección 25 ---
960:Sección 25
15872:Sección 25
22916:Sección 25
--- Sección 26 ---
967:Sección 26
6363:Sección 26 Pagos basados en Acciones.
7613:Sección 26 Pagos basados en Acciones.
--- Sección 27 ---
1014:Sección 27
5396:la Sección 27 Deterioro del valor de los Activos). La Sección 29 Impuesto a las
8168:menos los costos de disposición de acuerdo con la Sección 27 Deterioro
--- Sección 28 ---
1035:Sección 28
6356:beneficios a los empleados, a los que se aplique la Sección 28 Beneficios
8163:Sección 28 Beneficios a los Empleados;
--- Sección 29 ---
1179:Sección 29
5396:la Sección 27 Deterioro del valor de los Activos). La Sección 29 Impuesto a las
11109:Una adquirente reconocerá y medirá de acuerdo con la Sección 29 Impuesto a
--- Sección 30 ---
245:Apéndice de la Sección 30—Guía de aplicación
1154:30.28 y 30.29 y el Apéndice de la Sección 30).
1183:Sección 30
--- Sección 31 ---
1163:Sección 31
19607:especifican en la Sección 31 Hiperinflación.
20013:Sección 31
--- Sección 32 ---
1170:Sección 32
20244:Sección 32
23004:Sección 32
--- Sección 33 ---
1200:Sección 33
5758:Sección 33 Información a Revelar sobre Partes Relacionadas.
12999:Una entidad también revelará la información requerida por la Sección 33
--- Sección 34 ---
1266:Sección 34
3651:activos biológicos en el alcance de la Sección 34 Actividades
3657:activos biológicos en el alcance de la Sección 34 llevados al valor
--- Sección 35 ---
1282:Sección 35
21319:Sección 35
23055:Sección 35

════ II · cuáles tienen reglas de medición ════
Sección 1 (L22597): 0 reglas de reconocimiento/medición
Sección 2 (L22605): 0 reglas de reconocimiento/medición
Sección 3 (L3182): 5 reglas de reconocimiento/medición
Sección 4 (L3596): 5 reglas de reconocimiento/medición
Sección 5 (L3967): 14 reglas de reconocimiento/medición
Sección 6 (L4222): 14 reglas de reconocimiento/medición
Sección 7 (L4354): 14 reglas de reconocimiento/medición
Sección 8 (L4903): 15 reglas de reconocimiento/medición
Sección 9 (L5044): 15 reglas de reconocimiento/medición
Sección 10 (L4259): 14 reglas de reconocimiento/medición
Sección 11 (L6192): 10 reglas de reconocimiento/medición
Sección 12 (L8139): 12 reglas de reconocimiento/medición
Sección 13 (L8627): 12 reglas de reconocimiento/medición
Sección 14 (L8948): 12 reglas de reconocimiento/medición
Sección 15 (L6327): 10 reglas de reconocimiento/medición
Sección 16 (L9564): 15 reglas de reconocimiento/medición
Sección 17 (L9580): 15 reglas de reconocimiento/medición
Sección 18 (L10372): 10 reglas de reconocimiento/medición
Sección 19 (L9618): 15 reglas de reconocimiento/medición
Sección 20 (L10230): 7 reglas de reconocimiento/medición
Sección 21 (L6313): 10 reglas de reconocimiento/medición
Sección 22 (L13295): 5 reglas de reconocimiento/medición
Sección 23 (L14021): 4 reglas de reconocimiento/medición
Sección 24 (L15780): 10 reglas de reconocimiento/medición
Sección 25 (L15872): 7 reglas de reconocimiento/medición
Sección 26 (L6363): 10 reglas de reconocimiento/medición
Sección 27 (L9080): 12 reglas de reconocimiento/medición
Sección 28 (L8163): 12 reglas de reconocimiento/medición
Sección 29 (L13553): 6 reglas de reconocimiento/medición
Sección 30 (L4023): 14 reglas de reconocimiento/medición
Sección 31 (L20013): 3 reglas de reconocimiento/medición
Sección 32 (L20244): 3 reglas de reconocimiento/medición
Sección 33 (L5758): 10 reglas de reconocimiento/medición
Sección 34 (L8663): 12 reglas de reconocimiento/medición
Sección 35 (L21319): 1 reglas de reconocimiento/medición

════ III · cuáles tienen asientos Dr/Cr ════
Sección 1 (L22597): 0 asientos Dr/Cr
Sección 2 (L22605): 0 asientos Dr/Cr
Sección 3 (L3182): 0 asientos Dr/Cr
Sección 4 (L3596): 0 asientos Dr/Cr
Sección 5 (L3967): 0 asientos Dr/Cr
Sección 6 (L4222): 0 asientos Dr/Cr
Sección 7 (L4354): 0 asientos Dr/Cr
Sección 8 (L4903): 0 asientos Dr/Cr
Sección 9 (L5044): 0 asientos Dr/Cr
Sección 10 (L4259): 0 asientos Dr/Cr
Sección 11 (L6192): 0 asientos Dr/Cr
Sección 12 (L8139): 0 asientos Dr/Cr
Sección 13 (L8627): 0 asientos Dr/Cr
Sección 14 (L8948): 0 asientos Dr/Cr
Sección 15 (L6327): 0 asientos Dr/Cr
Sección 16 (L9564): 0 asientos Dr/Cr
Sección 17 (L9580): 0 asientos Dr/Cr
Sección 18 (L10372): 0 asientos Dr/Cr
Sección 19 (L9618): 0 asientos Dr/Cr
Sección 20 (L10230): 0 asientos Dr/Cr
Sección 21 (L6313): 0 asientos Dr/Cr
Sección 22 (L13295): 10 asientos Dr/Cr
Sección 23 (L14021): 0 asientos Dr/Cr
Sección 24 (L15780): 0 asientos Dr/Cr
Sección 25 (L15872): 0 asientos Dr/Cr
Sección 26 (L6363): 0 asientos Dr/Cr
Sección 27 (L9080): 0 asientos Dr/Cr
Sección 28 (L8163): 0 asientos Dr/Cr
Sección 29 (L13553): 10 asientos Dr/Cr
Sección 30 (L4023): 0 asientos Dr/Cr
Sección 31 (L20013): 0 asientos Dr/Cr
Sección 32 (L20244): 0 asientos Dr/Cr
Sección 33 (L5758): 0 asientos Dr/Cr
Sección 34 (L8663): 0 asientos Dr/Cr
Sección 35 (L21319): 0 asientos Dr/Cr

════ IV · índice de secciones vs párrafos ════
1202
párrafos totales (aprox)
