════ B56 · NIC 2 en NIIF Perú · Thu Sep 24 23:02:38 -04 2026 ════

════ I · ¿NIC 2 tiene cuerpo o solo referencias? ════
9788:NIC 2 Inventarios—Contabilización de los inventarios básicos”
9818:NIC 2 y NIC 16. En ausencia de esta evidencia, el Comité de Interpretaciones decidió eliminar este
17154:NIC 2 y NIC 16. En ausencia de esta evidencia, el Comité de Interpretaciones decidió eliminar este
21554:NIC 2] y la NIC 16 [Referencia: párrafos 15 y 28, NIC 16]). Todo costo por beneficios definidos post-
23820:NIC 2] y el valor neto realizable [Referencia: párrafos 28 a 33, NIC 2] de acuerdo con la NIC 2
51350:NIC 2 Inventarios
51514:NIC 2]
97759:NIC 2 Inventarios a los costos en los que se incurre durante un periodo concreto como consecuencia de
109414:NIC 2 Inventarios (revisada en 2003)
7852:los inventarios se desagregarán, de acuerdo con la NIC 2 Inventarios, en clasificaciones tales
9666:El Comité concluyó que la NIC 2 Inventarios "se aplica a las criptomonedas cuando se mantienen
9788:NIC 2 Inventarios—Contabilización de los inventarios básicos”
9822:[IFRIC® Update, junio de 2021, Decisión de Agenda, «NIC 2 Inventarios—Costos Necesarios para
9905:párrafo 8 de la NIC 2 Inventarios proporciona guías adecuadas. Los descuentos de efectivo
9911:[IFRIC® Update, noviembre de 2004, Decisión de Agenda “NIC 2 Inventarios: Descuentos y
9913:El CINIIF consideró tres cuestiones relacionadas con la aplicación de la NIC 2 Inventarios que
10033:[IFRIC® Update, noviembre de 2015, Decisión de Agenda, “NIC 2 Inventarios—Pagos anticipados
10354:Esta Norma deroga la NIC 2 Inventarios (revisada en 1993).
12553:el valor neto realizable de un elemento de inventario, aplicando la NIC 2 Inventarios;
17118:Equipo y NIC 2 Inventarios—Contabilización de los inventarios básicos"
17364:La entidad aplicará la NIC 2 Inventarios para contabilizar los costos derivados de las obligaciones por
19146:beneficios en el costo de un activo (véase, por ejemplo, la NIC 2 Inventarios [Referencia:
25507:(reconocidos como inventario aplicando la NIC 2 Inventarios). El uso previsto del terreno no es
35336:inventarios (véase la NIC 2 Inventarios);
40009:El Comité concluyó que la NIC 2 Inventarios "se aplica a las criptomonedas cuando se mantienen
40138:actividades (véase la NIC 2 Inventarios).
42005:(véase la NIC 2 Inventarios).
46754:Fundamentos de las Conclusiones] A partir de ese momento, se utilizan la NIC 2 Inventarios o las otras
47079:fecha, cuando se aplique la NIC 2 Inventarios, u otra Norma que sea de aplicación.

════ II · párrafos numerados 1-44 de NIC 2 (si existen) ════
9291:2008. Una entidad aplicará esas modificaciones a periodos anuales que comiencen a partir del 1 de enero de
18540:69. Una entidad aplicará esas modificaciones cuando aplique la NIIF 16.
25570:14. Una entidad aplicará esas modificaciones a los costos por préstamos que tengan lugar a partir del
31692:40. Una entidad aplicará esas modificaciones a periodos anuales que comiencen a partir del 1 de enero de
50226:26. Una entidad aplicará esas modificaciones a periodos anuales que comiencen a partir del 1 de enero de
50554:2008. Una entidad aplicará la modificación al párrafo 14 realizada por Mejoras a las NIIF emitido en abril

════ III · busca encabezados alternativos ════
7852:los inventarios se desagregarán, de acuerdo con la NIC 2 Inventarios, en clasificaciones tales
9467:Inventarios
9666:El Comité concluyó que la NIC 2 Inventarios "se aplica a las criptomonedas cuando se mantienen
9724:Inventarios
9788:NIC 2 Inventarios—Contabilización de los inventarios básicos”
9822:[IFRIC® Update, junio de 2021, Decisión de Agenda, «NIC 2 Inventarios—Costos Necesarios para
9905:párrafo 8 de la NIC 2 Inventarios proporciona guías adecuadas. Los descuentos de efectivo
9911:[IFRIC® Update, noviembre de 2004, Decisión de Agenda “NIC 2 Inventarios: Descuentos y
9913:El CINIIF consideró tres cuestiones relacionadas con la aplicación de la NIC 2 Inventarios que
10033:[IFRIC® Update, noviembre de 2015, Decisión de Agenda, “NIC 2 Inventarios—Pagos anticipados
10354:Esta Norma deroga la NIC 2 Inventarios (revisada en 1993).
12553:el valor neto realizable de un elemento de inventario, aplicando la NIC 2 Inventarios;
17118:Equipo y NIC 2 Inventarios—Contabilización de los inventarios básicos"
17364:La entidad aplicará la NIC 2 Inventarios para contabilizar los costos derivados de las obligaciones por
19146:beneficios en el costo de un activo (véase, por ejemplo, la NIC 2 Inventarios [Referencia:
23821:Inventarios [Referencia: párrafo 9, NIC 2]. De forma similar, y de acuerdo con la NIC 36 Deterioro del
25507:(reconocidos como inventario aplicando la NIC 2 Inventarios). El uso previsto del terreno no es
35336:inventarios (véase la NIC 2 Inventarios);
40009:El Comité concluyó que la NIC 2 Inventarios "se aplica a las criptomonedas cuando se mantienen
40067:Inventarios

════ IV · bloques de NIC 2 con contexto ════
--- L9788 ---

NIC 2
estimación de su efecto financiero (o una declaración de que esta estimación no puede realizarse).
Por ejemplo, una entidad que mantiene criptomonedas consideraría si los cambios en el valor
razonable de dichas tenencias de criptomonedas después del periodo sobre el que se informa son
de tal trascendencia que no revelar esa información podría influir en las decisiones económicas
que realizan los usuarios de los estados financieros basadas en éstos.]
E3

[IFRIC® Update, noviembre de 2014, Decisión de Agenda, “NIC 16 Propiedades, Planta y Equipo y
NIC 2 Inventarios—Contabilización de los inventarios básicos”
El Comité de Interpretaciones recibió una solicitud de aclarar la contabilización de los “inventarios
básicos”. Quien envió la solicitud definió inventarios básicos como un importe mínimo de material
que:
(a)
es necesario para permitir que una instalación de producción comience a operar y para
mantener la producción posterior;
(b)

no pueden separarse físicamente de otros inventarios; y

(c)
pueden eliminarse solo cuando la instalación de producción se retira del servicio
finalmente o con un costo financiero considerable.
La cuestión es si los inventarios básicos deben contabilizarse según la NIC 16 o la NIC 2.
El Comité de Interpretaciones analizó la cuestión en su reunión de marzo de 2014 y
provisionalmente decidió desarrollar una Interpretación. El Comité de Interpretaciones
adicionalmente se dirigió al personal técnico para definir el alcance de lo que se considera que son
inventarios básicos y analizar la aplicabilidad del concepto a un rango de sectores industriales.
En su reunión de julio de 2014 el Comité de Interpretaciones analizó la información recibida de
consultas informales con los miembros del IASB, el alcance propuesto de los inventarios básicos y
el análisis del personal técnico de la aplicabilidad de la cuestión a un rango de sectores
industriales.
El Comité de Interpretaciones observó que, lo que podrían constituir los inventarios básicos y
cómo se contabilizan, puede variar entre sectores industriales. El Comité de Interpretaciones
destacó que pudiera ser necesario un juicio profesional significativo para determinar la
contabilización apropiada. Por ello, podría, ser necesario revelar información sobre estos juicios de
acuerdo con el párrafo 122 de la NIC 1 Presentación de Estados Financieros.
El Comité de Interpretaciones destacó que no tenía evidencia clara de que las diferencias en la
contabilización fueran causadas por diferencias en la forma en que estaban siendo aplicadas las
NIC 2 y NIC 16. En ausencia de esta evidencia, el Comité de Interpretaciones decidió eliminar este

--- L9818 ---
consultas informales con los miembros del IASB, el alcance propuesto de los inventarios básicos y
el análisis del personal técnico de la aplicabilidad de la cuestión a un rango de sectores
industriales.
El Comité de Interpretaciones observó que, lo que podrían constituir los inventarios básicos y
cómo se contabilizan, puede variar entre sectores industriales. El Comité de Interpretaciones
destacó que pudiera ser necesario un juicio profesional significativo para determinar la
contabilización apropiada. Por ello, podría, ser necesario revelar información sobre estos juicios de
acuerdo con el párrafo 122 de la NIC 1 Presentación de Estados Financieros.
El Comité de Interpretaciones destacó que no tenía evidencia clara de que las diferencias en la
contabilización fueran causadas por diferencias en la forma en que estaban siendo aplicadas las
NIC 2 y NIC 16. En ausencia de esta evidencia, el Comité de Interpretaciones decidió eliminar este
elemento de su agenda.]
E4

[IFRIC® Update, junio de 2021, Decisión de Agenda, «NIC 2 Inventarios—Costos Necesarios para
Vender Inventarios»
El Comité recibió una solicitud sobre los costos que una entidad incluye como «costos estimados
necesarios para realizar la venta» al determinar el valor neto realizable de los inventarios En
concreto, la solicitud preguntaba si una entidad incluye todos los costos necesarios para realizar la
venta o sólo los que son incrementales a la venta.
El párrafo 6 de la NIC 2 define el valor neto realizable como «el precio de venta estimado en el
curso ordinario del negocio menos los costos estimados de realización y los costos estimados
necesarios para realizar la venta». Los párrafos 28 a 33 de la NIC 2 incluyen requerimientos
adicionales sobre cómo una entidad estima el valor neto realizable de los inventarios Estos
párrafos no identifican qué costos específicos son «necesarios para realizar la venta» de los
inventarios. Sin embargo, el párrafo 28 de la NIC 2 describe el objetivo de reducir los inventarios a
su valor neto realizable—ese objetivo es evitar que los inventarios se contabilicen «por encima de
los importes que se espera obtener de su venta"»
El Comité observó que, al determinar el valor neto realizable de los inventarios, la NIC 2 requiere
que la entidad estime los costos necesarios para realizar la venta. Este requerimiento no permite
que la entidad limite dichos costos a los que son incrementales, excluyendo así potencialmente los
costos en los que la entidad debe incurrir para vender sus inventarios pero que no son
incrementales para una venta concreta. La introducción solo de los costos incrementales podría no
alcanzar el objetivo establecido en el párrafo 28 de la NIC 2.
El Comité concluyó que, al determinar el valor neto realizable de los inventarios, una entidad
estima los costos necesarios para realizar la venta en el curso ordinario de la actividad. Una

© IFRS Foundation

5


--- L23820 ---
razonable [Referencia: párrafo 31, NIC 16] o costo histórico, [Referencia: párrafo 30, NIC 16] de
acuerdo con la NIC 16 Propiedades, Planta y Equipo. Con independencia de si se ha determinado el
importe en libros utilizando el costo histórico o el valor razonable, siempre que dicho importe se haya
establecido en moneda extranjera, se convertirá a la moneda funcional utilizando las reglas establecidas en
la presente Norma.

25

El importe en libros de algunas partidas se determina comparando dos o más importes distintos. Por
ejemplo, el importe en libros de los inventarios es el menor entre el costo [Referencia: párrafos 10 a 27,
NIC 2] y el valor neto realizable [Referencia: párrafos 28 a 33, NIC 2] de acuerdo con la NIC 2
Inventarios [Referencia: párrafo 9, NIC 2]. De forma similar, y de acuerdo con la NIC 36 Deterioro del
Valor de los Activos, el importe en libros de un activo, para el que exista un indicio de deterioro
[Referencia: párrafos 7 a 17, NIC 36] es el menor entre su importe en libros, anterior a la consideración
de las posibles pérdidas por ese deterioro, y su importe recuperable. [Referencia: párrafo 59, NIC 36]
Cuando la partida en cuestión sea un activo no monetario, medido en una moneda extranjera, el importe en
libros se determinará comparando:
(a)

el costo o importe en libros, según lo que resulte apropiado, convertidos a la tasa de cambio en la
fecha de determinación de ese importe (por ejemplo, a la tasa de cambio a la fecha de la
transacción [Referencia: párrafo 22] para una partida que se mida en términos de costo
histórico); y

(b)

el valor neto realizable o el importe recuperable, según lo que resulte apropiado, convertido a la
tasa de cambio en la fecha de determinación de ese valor (por ejemplo, a la tasa de cambio de
cierre al final del periodo sobre el que se informa).

El efecto de esta comparación puede dar lugar al reconocimiento de una pérdida por deterioro en la moneda
funcional, que podría no ser objeto de reconocimiento en la moneda extranjera, o viceversa.
26

Cuando se disponga de varios tipos de cambio, se utilizará aquél en el que pudieran ser liquidados los flujos
futuros de efectivo representados por la transacción o el saldo considerado, si tales flujos hubieran ocurrido
en la fecha de la medición.

Reconocimiento de las diferencias de cambio
27



════ V · NIC 2 en niif18_2024 (alternativa) ════
1201:de la NIC 2 Existencias;
1255:letras (e) y (f), de la NIC 2, y
3821:ejemplo, en aplicación del párrafo 39 de la NIC 2, la entidad podría presentar un epígrafe
4308:las existencias desagregadas, en aplicación de la NIC 2, en partidas tales como mercancías,

════ VI · NIC 2 en ifrs_annotated_2025 ════
706:la moneda de presentación, tal como la define la NIC 21 Efectos de las
1880:NIC 2 Inventarios.
1928:revelar según los párrafos 36(e) y 36(f) de la NIC 2; y
4123:especifica en la NIC 27 Estados Financieros Separados y realiza la evaluación por
4126:párrafo 10 de la NIC 27. Una entidad no necesita evaluar si invierte como
4212:NIC 28 Inversiones en Asociadas y Negocios Conjuntos y con el párrafo 10(c)
4213:de la NIC 27;
4220:de la NIC 28 y el párrafo 11 de la NIC 27; y
4226:NIC 27 o de conformidad con la NIIF 9 aplicando el párrafo 10(b) de la
4227:NIC 27.
4236:el párrafo 10(c) de la NIC 27;
4243:NIC 27; y
4248:contabilizan al costo aplicando el párrafo 10(a) de la NIC 27 o de
4249:conformidad con la NIIF 9 aplicando el párrafo 10(b) de la NIC 27.
4782:párrafo 48 de la NIC 21.
4802:las diferencias de cambio requeridas por el párrafo 48 de la NIC 21.
4810:incluidas en el estado del resultado del periodo aplicando la NIC 21 en la
4873:Aplicando el párrafo 28 de la NIC 29 Información Financiera en Economías
5248:párrafo 39 de la NIC 2, una entidad podría presentar una partida para
5319:financieros de un negocio en el extranjero (véase la NIC 21);

════ VII · NIC 2 en niif_compilado_2026 ════
39:NIC 2: Se sustituye integra.
214:NIC 2 Existencias
807:NIC 2 Existencias
31100:realizable neto de la NIC 2 Existencias o el valor de uso de la NIC 36 Deterioro del valor de los
35079:en el ámbito de aplicación de otra Norma (por ejemplo, la NIC 2 Existencias, la NIC 16 Inmovilizado
35204:relacionados con el contrato que se hayan reconocido de acuerdo con otra Norma (por ejemplo, la NIC 2,
37513:NIC 2 Existencias a los costes soportados durante un determinado período como consecuencia de haber
37515:obligaciones con respecto a esos costes contabilizados aplicando esta Norma o la NIC 2 se reconocerán
48014:de la NIC 2 Existencias;
48068:letras (e) y (f), de la NIC 2, y
50634:ejemplo, en aplicación del párrafo 39 de la NIC 2, la entidad podría presentar un epígrafe
51121:las existencias desagregadas, en aplicación de la NIC 2, en partidas tales como mercancías,
53377:las existencias se desagregarán, de acuerdo con la NIC 2 Existencias, en
54827:NIC 2
54903:NIC 2
54976:NIC 2
55050:NIC 2
55133:NIC 2
55212:NIC 2
55291:NIC 2
--- muestra de L1007 ---


CINIIF 12 Acuerdos de concesión de servicios



CINIIF 14 NIC 19 — Límite de un activo por prestaciones definidas, obligación
de mantener un nivel mínimo de financiación y su interacción



CINIIF 16 Coberturas de la inversión neta en un negocio en el extranjero



CINIIF 17 Distribuciones a los propietarios de activos distintos al efectivo



CINIIF 19 Cancelación de pasivos financieros con instrumentos de patrimonio



CINIIF 20 Costes por desmonte en la fase de producción de una mina a cielo
abierto



CINIIF 21 Gravámenes



════ VIII · reglas específicas de NIC 2 si aparecen ════
