=== MATERIALIZACIÓN ideas.md · 2026-09-24T17:22:32Z ===
--- dimensiones ---
  419 15544 GIRO_05/ideas.md
--- hash ---
6ae8661d702d51cb9adfc617fcb9784acb60619243dc6486d24358663d641afb
--- resolución F-B0-1 ---
11:FECHA: 2026-09-24
--- resolución F-B0-2 ---
16:Referencia procedimental · Hevner & Chatterjee (2010), Guideline 2.
262:    Hevner Cap 2 · problem relevance (Guideline 2).
383:    3. Cita literal de Hevner Guideline 2.
405:                Mandelbrot 1975/1982, Hevner Guideline 2.
--- resolución F-B0-3 ---
67:     geometría de la [naturaleza]."
68:    (Mandelbrot 1982, L116 · corchete: intervención editorial IA-1)
102:     de la [naturaleza]."
103:    (Mandelbrot 1975, L3 · corchete: intervención editorial IA-1)
240:    (Mandelbrot 1982, L3218 · corchete: intervención editorial IA-1)
289:    (Mandelbrot 1982, L5728 · corchete: intervención editorial IA-1)
--- §12 constancia IA-2 ---
§12 · CONSTANCIA DE VERIFICACIÓN IA-2

Falsación cerrada · F-IDE-29 a F-IDE-37.
Veredicto: APTO SIN OBJECIONES BLOQUEANTES.
Fecha de falsación: 2026-09-24.

────────────────────────────────────────────────────────────────────────

§13 · FIRMA TRIPARTITA ASIMÉTRICA (§20)
--- firmas pendientes ---
403:    Firma: [pendiente]
410:    Firma: [pendiente]
411:    Constancia: [pendiente]
414:    Firma: [pendiente]
415:    Decisión: [pendiente]
