════ B49 · verificación de mis propias falsaciones · Thu Sep 24 22:37:05 -04 2026 ════

════ I · asientos Dr/Cr con variantes ════
--- variante 1: ^Dr / ^Cr ---
10
--- variante 2: Dr/Cr en cualquier posición ---
10
--- variante 3: Debe/Haber ---
53
--- muestra variante 2 ---
13812:Dr Efectivo
13813:Cr Pasivo financiero – Bono convertible
13817:Cr Patrimonio
13823:Dr Efectivo
13827:Dr Descuento del bono
13831:Cr Pasivo financiero – Bono convertible
13835:Cr Patrimonio
13948:Dr Gastos por intereses
13952:Cr Descuento del bono
13953:Cr Efectivo

════ II · reglas ampliadas ════
--- se contabilizará / se registrará / el importe será ---
16
--- se medirá / se reconocerá (originales) ---
51

════ III · ¿L22597 es cuerpo o índice? ════
edición de la Norma.
Tabla A1—Párrafos añadidos, modificados y eliminados en la tercera
edición de la Norma.
Sección

Cambios en los párrafos

Sección 1
Pequeñas y Medianas
Entidades

•

Modificados: 1.1 a 1.3 y 1.5 a 1.7.

Sección 2
Conceptos y Principios
Fundamentales

•

Se revisa la Sección 2.

Sección 3
Presentación
de Estados Financieros

•

Modificados: 3.1 a 3.3, 3.5, 3.10, 3.11,
3.16 y 3.17.

════ IV · ¿el grep de Sección N capturó índice? ════
349:Sección 1
358:Sección 2
367:Sección 3
409:Sección 4
430:Sección 5
439:Sección 6
456:Sección 7
485:Sección 8
550:Sección 9
567:Sección 10
587:Sección 11
677:Sección 12
687:Sección 13
707:Sección 14
717:Sección 15
765:Sección 16
781:Sección 17
817:Sección 18
832:Sección 19
843:Sección 20
862:Sección 21
930:Sección 22
933:Sección 23
952:Sección 24
960:Sección 25
967:Sección 26
1014:Sección 27
1035:Sección 28
1163:Sección 31
1170:Sección 32
1179:Sección 29
1183:Sección 30
1200:Sección 33
1266:Sección 34
1282:Sección 35
1523:Sección 1
1627:Sección 2
3182:Sección 3
3596:Sección 4
3967:Sección 5
4222:Sección 6
4354:Sección 7
4903:Sección 8
5044:Sección 9
5764:Sección 10
6192:Sección 11
8139:Sección 12
8627:Sección 13
8948:Sección 14
9258:Sección 15

════ V · párrafos con letra ════
1202

════ VI · ¿NucleoConsecuencias admite regla sin cuenta? ════
78:    def construir_consecuencia_autorizada(
79-        self,
80-        decision: DecisionProfesional,
81-        consecuencia_candidata: List[Dict],
82-        evidencia_hash: str,
83-        correlation_id: str,
84-        contexto_contable: ContextoContable,
85-        fecha: str,
86-        periodo_id: str,
87-        estado_actual: str = "ADMITIDO"
88-    ) -> ConsecuenciaAutorizada:
89-        """
90-        Construye una ConsecuenciaAutorizada.
91-
92-        Precondiciones:
93-

════ VII · consequence output structure ════
7:ConsecuenciaAutorizada, ContextoContable, PartidaAutorizada.
8-"""
9-
10-from dataclasses import dataclass
11-from typing import List, Dict, Optional
12-
13-@dataclass
14-class ContextoContable:
15-    marco_contable: str           # ej. "NIIF_Completas", "NIIF_PYMES"
16-    PCU_version: str              # Versión del PCU utilizada
17-    reglas_version: str           # Versión de reglas contables
--
21:class ConsecuenciaAutorizada:
22-    # Identificación de la decisión H₂
23-    decision_id: str
24-    propuesta_id: str
25-    firma_h2: str
26-    correlation_id: str
27-
28-    # Datos temporales y contextuales
29-    fecha: str                     # ISO 8601 (YYYY-MM-DD)
30-    periodo_id: str
31-    descripcion: str

════ VIII · asientos en S17 (PPE) y S18 (Intangibles) ════
S17 L9580
