════ B64 · categorías → PCU · Fri Sep 25 06:19:15 -04 2026 ════

════ I · NIIF Pymes S4 · categorías explícitas ════
Distinción entre partidas corrientes y no corrientes
4.4

Una entidad presentará sus activos corrientes y no corrientes, y sus pasivos
corrientes y no corrientes, como categorías separadas en su estado de
situación financiera, de acuerdo con los párrafos 4.5 a 4.8, excepto cuando una
presentación basada en el grado de liquidez proporcione una información
fiable que sea más relevante. Cuando se aplique tal excepción, todos los activos
y pasivos se presentarán de acuerdo con su liquidez aproximada (ascendente o
descendente).

Activos corrientes
4.5

4.6

Una entidad clasificará un activo como corriente cuando:
(a)

espera realizarlo o tiene la intención de venderlo o consumirlo en su
ciclo normal de operación;

(b)

mantiene el activo principalmente con fines de negociación;

(c)

espera realizar el activo dentro de los doce meses siguientes después de
la fecha de presentación; o

(d)

el activo sea efectivo o un equivalente al efectivo, salvo que su
utilización esté restringida de ser intercambiado o utilizado para
cancelar un pasivo por un periodo mínimo de doce meses desde de la
fecha de presentación.

Una entidad clasificará todos los demás activos como no corrientes. Cuando el
ciclo normal de operación no sea claramente identificable, se supondrá que su
duración es de doce meses.

Pasivos corrientes
4.7

Una entidad clasificará un pasivo como corriente cuando:
(a)

espera liquidarlo en el transcurso del ciclo normal de operación de la
entidad;

(b)

mantiene el pasivo principalmente con fines de negociación;

(c)

el pasivo debe liquidarse dentro de los doce meses siguientes a la fecha
de presentación; o

© IFRS Foundation

53

FEBRERO 2025
(d)

4.8

la entidad no tiene un derecho incondicional para aplazar la
cancelación del pasivo durante, al menos, los doce meses siguientes a la
fecha sobre la que se informa.

Una entidad clasificará todos los demás pasivos como no corrientes.

Ordenación y formato de las partidas del estado de situación
financiera
4.9

4.10

Esta Norma no prescribe ni el orden ni el formato en que tienen que
presentarse las partidas. El párrafo 4.2 simplemente proporciona una lista de
partidas que son suficientemente diferentes en su naturaleza o función como
para justificar su presentación por separado en el estado de situación
financiera. Además:
(a)

se incluyen partidas de los estados financieros cuando el tamaño,
naturaleza o función de una partida o grupo de partidas similares sea
tal que la presentación por separado resulte relevante para comprender
la situación financiera de la entidad; y

(b)

las denominaciones utilizadas y la ordenación de las partidas o
agrupaciones de partidas similares podrán modificarse de acuerdo con
la naturaleza de la entidad y de sus transacciones, para suministrar
información que sea relevante para la comprensión de la situación
financiera de la entidad.

La decisión de presentar partidas adicionales por separado se basará en una
evaluación de todo lo siguiente:
(a)

los importes, la naturaleza y liquidez de los activos;

(b)

la función de los activos dentro de la entidad; y


════ II · NIIF 18 · categorías de presentación ════
45:para ciertos epígrafes, categorías, subtotales o totales de los estados financieros e incluso para los
46-propios estados financieros.
47-
48-7
--
615:cinco categorías siguientes (véase el párrafo B29):
616-(a)
617-
618-48
--
620:categoría de explotación (véase el párrafo 52);
621-
622-(b)
623-
624:categoría de inversión (véanse los párrafos 53 a 58);
625-
626-(c)
627-
628:categoría de financiación (véanse los párrafos 59 a 66);
629-
630-(d)
631-
632:categoría de impuestos sobre las ganancias (véase el párrafo 67), y
633-
634-(e)
635-
636:categoría de actividades interrumpidas (véase el párrafo 68).
637-
638-Los párrafos 52 a 68 establecen los requisitos relativos a la clasificación de los ingresos y gastos en las
639:categorías de explotación, inversión, financiación, impuestos sobre las ganancias y actividades
640-interrumpidas. Además, los párrafos B65 a B76 establecen los requisitos relativos a la clasificación en
641:dichas categorías de las diferencias de cambio, la pérdida o ganancia sobre la posición monetaria neta y
642-las pérdidas y ganancias de derivados e instrumentos de cobertura designados.
643-
644-Entidades que ejercen actividades empresariales principales especificadas
--
647:A fin de clasificar los ingresos y gastos en las categorías de explotación, inversión y financiación, la entidad
648-evaluará si ejerce una actividad empresarial principal especificada, esto es, una actividad empresarial
649-principal consistente en (véanse los párrafos B30 a B41):
650-(a)
--
662:especificada clasificará en la categoría de explotación algunos ingresos y gastos que se habrían
663:clasificado en la categoría de inversión o en la de financiación si la actividad no fuese una actividad
664-empresarial principal.
665-
666-51
--
697:La entidad clasificará en la categoría de explotación todos los ingresos y gastos incluidos en el
698-estado de resultados que no estén clasificados en (véase el párrafo B42):
699-(a)
700-
701:la categoría de inversión;
702-
703-(b)
704-
705:la categoría de financiación;
706-
707-(c)
708-
709:la categoría de impuestos sobre las ganancias, o

════ III · Marco Conceptual · los 5 elementos ════
1663-4.3
1664-
1665:Un activo es un recurso económico presente controlado por la entidad como resultado de sucesos pasados.
1666-
1667-4.4
1668-
1669-Un recurso económico es un derecho que tiene el potencial de producir beneficios económicos.
1670-[Referencia: párrafos FC4.24 a FC4.27, Fundamentos de las Conclusiones]
1671-
1672-4.5
1673-
1674-Esta sección analiza tres aspectos de dichas definiciones:
1675-(a)
--
1966-4.26
1967-
1968:Un pasivo es una obligación presente de la entidad de transferir un recurso económico como resultado de
1969-sucesos pasados.
1970-
1971-4.27
1972-
1973-Para que exista un pasivo, deben satisfacerse los tres criterios siguientes:
1974-(a)
1975-
1976-la entidad tiene una obligación (véanse los párrafos 4.28 a 4.35);
1977-
1978-(b)
--
3528-
3529-El gasto que surge de la venta de un activo se reconoce al mismo tiempo que se reconoce la
3530:contraprestación de esa venta como ingreso. La diferencia entre el ingreso y el gasto es el margen resultante
3531-de la venta. Los gastos que surgen del consumo de un activo pueden compararse con el ingreso relacionado
3532-para proporcionar información sobre márgenes.
3533-
3534-6.29
3535-
3536-De forma análoga, si se incurrió o asumió un pasivo distinto a un pasivo financiero a cambio de una
3537-contraprestación y se mide a costo histórico, la satisfacción de la totalidad o parte del pasivo da lugar a un
3538-ingreso medido al valor de la contraprestación recibida por la parte satisfecha. La diferencia entre ese
3539-ingreso y el gasto incurrido al satisfacer el pasivo es el margen resultante del cumplimiento.
3540-
--
4927-6.90
4928-
4929:El importe en libros total de una clase individual de patrimonio o componente de patrimonio es
4930-normalmente positiva, pero puede ser negativa en algunas circunstancias. De forma análoga, el patrimonio
4931-total es generalmente positivo, pero puede ser negativo, dependiendo de qué activos y pasivos se reconocen
4932-y de cómo se miden.
4933-
4934-Técnicas de medición basadas en los flujos de efectivo
4935-[Referencia: párrafo FC6.13, Fundamentos de las Conclusiones]
4936-6.91
4937-
4938-En algunas ocasiones, una medida no puede ser observada directamente. En algunos de estos casos, una
4939-forma de estimar la medida es usando técnicas de medición basadas en los flujos de efectivo. Estas técnicas
--
15247-El CINIIF analizó si abordar la tasa impositiva a utilizar para medir los activos por impuestos
15248-diferidos y los pasivos por impuestos diferidos para entidades que tienen tasas impositivas
15249:efectivas bajas, por ejemplo, porque algún ingreso está exento de imposición. El CINIIF decidió no
15250-añadir este elemento a su agenda.]

════ IV · ¿qué categorías son operativas vs presentacionales? ════
efectivo                                 Pymes:344   NIIF:2594
inventarios                              Pymes:72    NIIF:210
propiedades, planta y equipo             Pymes:59    NIIF:197
activos intangibles                      Pymes:28    NIIF:178
cuentas por cobrar                       Pymes:17    NIIF:50
cuentas por pagar                        Pymes:6     NIIF:23
patrimonio                               Pymes:346   NIIF:1344
ingresos                                 Pymes:191   NIIF:768
gastos                                   Pymes:111   NIIF:498
pasivos                                  Pymes:271   NIIF:1371
arrendamientos                           Pymes:51    NIIF:233
instrumentos financieros                 Pymes:77    NIIF:545
activos biológicos                      Pymes:18    NIIF:72

════ V · jerarquía de códigos contables · ¿existe algún PCU público? ════
/data/data/com.termux/files/home/scfv_v6/libros/mayor_2026-08.csv:2:110101,35384322446900.0
/data/data/com.termux/files/home/scfv_v6/libros/mayor_2026-08.csv:3:140101,-2.45e+20
/data/data/com.termux/files/home/scfv_v6/libros/mayor_2026-08.csv:5:410101,-31593145041874.996
/data/data/com.termux/files/home/scfv_v6/libros/mayor_2026-08.csv:6:610101,2.45e+20
/data/data/com.termux/files/home/scfv_v6/libros/mayor_2026-09.csv:2:110101,3800.0
/data/data/com.termux/files/home/scfv_v6/libros/mayor_2026-09.csv:3:410101,-3800.0
/data/data/com.termux/files/home/scfv_v6/libros/motor_mayor_2026-09.csv:2:110101,1000.0
/data/data/com.termux/files/home/scfv_v6/libros/motor_mayor_2026-09.csv:3:410101,-1000.0
/data/data/com.termux/files/home/scfv_v6/DOCS/H8P_RETICULO_CONTRATO.md:11:        "110101": {"naturaleza": "DEUDORA",  "marcos": ["NIIF_Completas", ...]},
/data/data/com.termux/files/home/scfv_v6/DOCS/H8P_RETICULO_CONTRATO.md:12:        "140101": {"naturaleza": "DEUDORA",  "marcos": [...]},
/data/data/com.termux/files/home/scfv_v6/DOCS/manual_usuario.md:131:    CUENTA_CAJA = "110101"
/data/data/com.termux/files/home/scfv_v6/DOCS/manual_usuario.md:132:    CUENTA_VENTAS = "410101"
/data/data/com.termux/files/home/scfv_v6/DOCS/H8P_EXAMINADOR_CONTRATO.md:46:          {"cuenta_codigo": "110101",
/data/data/com.termux/files/home/scfv_v6/DOCS/H8P_EXAMINADOR_CONTRATO.md:54:  pcu = { "110101": {"naturaleza": "DEUDORA", "marcos": [...]}, ... }
/data/data/com.termux/files/home/scfv_v6/DOCS/H8P_RETICULO_CONTRATO.md.bak_h8p:11:        "110101": {"naturaleza": "DEUDORA",  "marcos": ["NIIF_Completas", ...]},
/data/data/com.termux/files/home/scfv_v6/DOCS/H8P_RETICULO_CONTRATO.md.bak_h8p:12:        "140101": {"naturaleza": "DEUDORA",  "marcos": [...]},
/data/data/com.termux/files/home/scfv_v6/DOCS/H8P_EXAMINADOR_CONTRATO.md.bak_h8p:25:          {"cuenta_codigo": "110101",
/data/data/com.termux/files/home/scfv_v6/DOCS/H8P_EXAMINADOR_CONTRATO.md.bak_h8p:33:  pcu = { "110101": {"naturaleza": "DEUDORA", "marcos": [...]}, ... }
/data/data/com.termux/files/home/scfv_v6/DOCS/H8P_EXAMINADOR_CONTRATO.md.bak_d3:46:          {"cuenta_codigo": "110101",
/data/data/com.termux/files/home/scfv_v6/DOCS/H8P_EXAMINADOR_CONTRATO.md.bak_d3:54:  pcu = { "110101": {"naturaleza": "DEUDORA", "marcos": [...]}, ... }

════ VI · ¿el corpus tiene algún PCU estructurado? ════
internacionales
locales
nacionales
schema_v8.2.1.json

════ VII · ¿el evento id=1 usa qué categorías implícitas? ════
{
    "id": "372bed8b-158c-4083-8a81-4037c5d39ac6",
    "partidas": [
        {
            "cuenta": "110101",
            "naturaleza": "DEUDORA",
            "movimiento": "AUMENTA",
            "monto": 1000.0,
            "moneda": "VES"
        },
        {
            "cuenta": "410101",
            "naturaleza": "ACREEDORA",
            "movimiento": "AUMENTA",
            "monto": 1000.0,
            "moneda": "VES"
        }
    ],
    "total_debe": 1000.0,
    "total_haber": 1000.0,
    "evidencia": {
        "factura": "FAC-001",
        "rif": "J-12345678",
        "monto": 1000.0,
        "fecha": "2026-09-01",
        "tipo": "venta",
        "producto": "PROD-A",
        "cantidad": 2,
        "costo_unitario": 500.0
    },

════ VIII · NIC 1 categorías de presentación · párrafos 54-60 ════
1605:como categorías separadas en su estado de situación financiera, de acuerdo con los párrafos 66–76B,
1606-excepto cuando una presentación basada en el grado de liquidez proporcione una información que
1607-sea fiableE11 y más relevante. Cuando se aplique esa excepción, una entidad presentará todos los
1608-activos y pasivos ordenados atendiendo a su liquidez.
