════ B65 · BA VEN NIF 8 · Fri Sep 25 06:24:28 -04 2026 ════

════ I · dimensiones ════
  488 17164 /data/data/com.termux/files/home/.bavennif_8_raw.txt
FEDERACIÓN DE COLEGIOS DE CONTADORES PÚBLICOS DE LA REPÚBLICA BOLIVARIANA DE VENEZUELA

BA VEN-NIF N° 8 VERSIÓN N° 11
“PRINCIPIOS DE CONTABILIDAD
GENERALMENTE ACEPTADOS EN
VENEZUELA (VEN-NIF)”
BOLETÍN DE APLICACIÓN DE LOS VEN-NIF

Principios de Contabilidad VEN-NIF

01 de junio de 2026
Caracas - Venezuela
LaInaccionNoEsUnaOpcion •

SomosPiezaClave • @FCCPVOficial

BA VEN-NIF N° 8 VERSIÓN N° 11

BOLETÍN DE APLICACIÓN DE LOS VEN-NIF NUMERO OCHO,
VERSIÓN ONCE (BA VEN-NIF-8 V.11)
PRINCIPIOS DE CONTABILIDAD GENERALMENTE ACEPTADOS
EN VENEZUELA (VEN-NIF)
DIRECTORIO NACIONAL AMPLIADO EXTRAORDINARIO
REALIZADO EN CARACAS
(SÁBADO 18 DE ABRIL DE 2026)
El Directorio de la Federación de Colegios de Contadores Públicos de la República
Bolivariana de Venezuela, en cumplimiento con lo aprobado en la Sesión Plenaria
del Directorio Nacional Ampliado Extraordinario (DNA-E) realizado en la ciudad de
Caracas:
CONSIDERANDO
Que reunidos en Directorios Nacionales Ampliados, el gremio ha venido aprobando
periódicamente las Normas NIIF® de Contabilidad y la Norma de Contabilidad NIIF®
para las PYMES para su incorporación a los Principios de Contabilidad
Generalmente Aceptados en Venezuela, denominados VEN-NIF.
CONSIDERANDO
Que la dinámica de la economía exige una adecuación en el tratamiento contable
que se aplica a las transacciones económicas para convertirlas en información
financiera.
CONSIDERANDO
Que el párrafo 14 de la versión 6 del Boletín de Aplicación N° 0 “Acuerdo Marco
para la Adopción de las Normas NIIF de Contabilidad, exige la emisión de un Boletín
de Aplicación que señale los Principios de Contabilidad Generalmente Aceptados
en Venezuela que estén vigentes.
CONSIDERANDO
Que es necesario mantener certeza entre los Licenciados y Licenciadas en
Contaduría Pública y la comunidad en general, sobre los pronunciamientos que
conforman los VEN-NIF vigentes.

“PRINCIPIOS DE CONTABILIDAD GENERALMENTE ACEPTADOS EN VENEZUELA (VEN-NIF)”

1

BA VEN-NIF N° 8 VERSIÓN N° 11

EMITE
La versión N° 11 del Boletín de Aplicación VEN-NIF Nº 8 “Principios de Contabilidad
Generalmente Aceptados en Venezuela (VEN-NIF)” en los siguientes términos:
PROPÓSITO
1. Este Boletín de Aplicación clasifica los Principios de Contabilidad Generalmente
Aceptados en Venezuela (VEN-NIF) e identifica los pronunciamientos que los
conforman.
ALCANCE
2. Los Principios de Contabilidad Generalmente Aceptados en Venezuela (VENNIF) serán aplicados por toda entidad que prepare sus estados financieros para
usuarios externos o requeridos por cualquier disposición legal venezolana.
PLANTEAMIENTO
3. Para la preparación de información comparable y fiable, las entidades deben
definir los criterios de reconocimiento y las bases de medición de los efectos
económicos de las transacciones en las cuales participan para incorporarlos en
los estados financieros, de acuerdo con principios de contabilidad generalmente
aceptados.
4. La Federación de Colegios de Contadores Públicos de la República Bolivariana
de Venezuela, reunida en Directorio Nacional Ampliado aprueba los principios
de contabilidad que serán generalmente aceptados en Venezuela.
ACUERDOS
5. Los principios de contabilidad generalmente aceptados en Venezuela VEN-NIF,
se clasifican dos (2) grupos:
5.1. VEN-NIF GE, correspondientes a los principios de contabilidad que
adoptarán las grandes entidades y están conformados por los Boletines de
Aplicación (BA VEN-NIF), que deben ser aplicados conjuntamente con las
Normas NIIF de Contabilidad; y

“PRINCIPIOS DE CONTABILIDAD GENERALMENTE ACEPTADOS EN VENEZUELA (VEN-NIF)”

2

BA VEN-NIF N° 8 VERSIÓN N° 11

5.2. VEN-NIF PYME, correspondientes a los principios de contabilidad que
adoptarán las pequeñas y medianas entidades, conformados por los
Boletines de Aplicación (BA VEN-NIF), que deben ser aplicados
conjuntamente con la Norma de Contabilidad NIIF para las PYMES.
6. La clasificación de gran entidad o pequeña y mediana entidad, será decidida por
cada entidad, tomando como base los criterios que sean aprobados por el gremio
de contadores públicos, diseñados con la finalidad de aplicación de uno de los
dos grupos que conforman los VEN-NIF
7. A la fecha de este pronunciamiento, los principios de contabilidad generalmente
aceptados en Venezuela (VEN-NIF) son los siguientes:
BOLETINES DE APLICACIÓN:
•


════ II · estructura · secciones/boletines ════
3:BA VEN-NIF N° 8 VERSIÓN N° 11
7:BOLETÍN DE APLICACIÓN DE LOS VEN-NIF
19:BOLETÍN DE APLICACIÓN DE LOS VEN-NIF NUMERO OCHO,
59:1. Este Boletín de Aplicación clasifica los Principios de Contabilidad Generalmente
63:2. Los Principios de Contabilidad Generalmente Aceptados en Venezuela (VENNIF) serán aplicados por toda entidad que prepare sus estados financieros para
66:3. Para la preparación de información comparable y fiable, las entidades deben
71:4. La Federación de Colegios de Contadores Públicos de la República Bolivariana
75:5. Los principios de contabilidad generalmente aceptados en Venezuela VEN-NIF,
92:6. La clasificación de gran entidad o pequeña y mediana entidad, será decidida por
96:7. A la fecha de este pronunciamiento, los principios de contabilidad generalmente
98:BOLETINES DE APLICACIÓN:
101:BA VEN-NIF Nº 0 “Acuerdo Marco para la Adopción de las Normas NIIF
107:BA VEN-NIF Nº 2 “Criterios para el Reconocimiento de la Inflación en los
114:BA VEN-NIF Nº 4 “Determinación de la Fecha de Autorización de los
122:BA VEN-NIF Nº 5 “Criterio para la Presentación del Resultado Integral
128:BA VEN-NIF Nº 9 “Tratamiento Contable del Régimen de Prestaciones
135:BA VEN-NIF N.º 10 “Tratamiento Alternativo para el Reconocimiento y
143:BA VEN-NIF Nº 11 “Reconocimiento del Impuesto Diferido Pasivo
154:BA VEN-NIF N° 8 VERSIÓN N° 11
156:BA VEN-NIF N° 12 “Tenencia de Criptoactivos Propios”, versión 1,
302:8. Cuando la FCCPV declare que se han adoptado, sin reserva, todas las Normas
309:9. La entidad que, conforme a las fechas indicadas en el Párrafo 14 del BA VENNIF N°0 “Acuerdo Marco para la Adopción de las Normas NIIF de Contabilidad”,
315:10. A los efectos indicados en el párrafo anterior, se establece como fecha de
321:11. El contenido de este Boletín de Aplicación fue actualizado y aprobado en el
327:12. Este Boletín de Aplicación sustituye a la Versión N° 10 aprobada en el Directorio

════ III · BIBLIOTECA · ficha ════
total 19
drwx------.  2 u0_a288 u0_a288 3452 Sep 23 12:15 .
drwx------. 41 u0_a288 u0_a288 3452 Sep 24 21:44 ..
-rw-------.  1 u0_a288 u0_a288   26 Sep 23 12:15 CITAS.md
-rw-------.  1 u0_a288 u0_a288  613 Sep 23 12:17 FICHA.md
-rw-------.  1 u0_a288 u0_a288   27 Sep 23 12:15 INDICE.md
# FICHA — Boletín BA VEN NIF 8

## Identificación
- Emisor: Federación de Colegios de Contadores Públicos de Venezuela (verificar)
- Serie: BA VEN NIF, boletín 8
- Título: Boletín de Actualización VEN NIF 8
- Año: 2026 (PDF 2026-06-02)
- Páginas: 11

## Fuente material
- PDF: `~/storage/downloads/Bole-BAVENNIF8V11rv  (2) (3).pdf`
- SHA-256: `0e0284cabf585fa8b2e0f92da7551c988cff52668b6f23956d69c7d9f88637ae`
- Tamaño: 350 329 b
- Raw: `~/.bavennif_8_raw.txt` (488 líneas)

## Estatuto
`contable` — normativa venezolana (VEN NIF).

## Deudas
- Verificar emisor exacto y periodicidad de la serie.
--- CITAS ---
# CITAS.md — BAVENNIF_8
--- INDICE ---
# INDICE.md — BAVENNIF_8

════ IV · ¿qué boletines contiene? ════
194:aplicada conjuntamente con el BA VEN-NIF 4 (versión 1).
196:VEN-NIF 11 (versión 0).
199:VEN-NIF 9 (versión 0).
203:Extranjera, aplicada conjuntamente con el BA VEN-NIF 10 (versión 0).
220:aplicada conjuntamente con el BA VEN-NIF 2 (versión 4).
248:conjuntamente con el BA VEN-NIF 5 (versión 3)

════ V · núcleos temáticos ════
--- VEN-NIF 0 (marco) ---
--- VEN-NIF 1 (pequeños) ---
196:VEN-NIF 11 (versión 0).
197-NIC 16 Propiedades, Planta y Equipo.
198-NIC 19 Beneficios a los Empleados, aplicada conjuntamente con el BA
199-VEN-NIF 9 (versión 0).
200-NIC 20 Contabilización de las Subvenciones del Gobierno e Información
201-a Revelar sobre Ayudas Gubernamentales.
202-NIC 21 Efectos de las Variaciones en las Tasas de Cambio de la Moneda
203:Extranjera, aplicada conjuntamente con el BA VEN-NIF 10 (versión 0).
204-
205-“PRINCIPIOS DE CONTABILIDAD GENERALMENTE ACEPTADOS EN VENEZUELA (VEN-NIF)”
206-
207-4
208-
209-BA VEN-NIF N° 8 VERSIÓN N° 11
210-
211-5
212-
213-o NIC 23 Costos por Préstamos.
--- VEN-NIF 2 (medianos) ---
220:aplicada conjuntamente con el BA VEN-NIF 2 (versión 4).
221-o NIC 32 Instrumentos Financieros: Presentación.
222-o NIC 33 Ganancias por Acción,
223-o NIC 34 Información Financiera Intermedia.
224-o NIC 36 Deterioro del Valor de los Activos.
225-o NIC 37 Provisiones, Pasivos Contingentes y Activos Contingentes.
226-o NIC 38 Activos Intangibles.
227-o NIC 39 Instrumentos Financieros: Reconocimiento y Medición.
228-o NIC 40 Propiedades de Inversión.
229-o NIC 41 Agricultura.
230-o NIIF 2 Pagos Basados en Acciones.

════ VI · reglas de reconocimiento/medición ════
0
--- ejemplos ---

════ VII · ¿menciona NIC/NIIF? ════
      1 312:NIIF 1
      1 304:NIIF 1
      1 280:NIIF 23
      1 278:NIIF 22
      1 277:NIIF 21
      1 275:NIIF 20
      1 273:NIIF 19
      1 271:NIIF 17
      1 269:NIIF 16
      1 267:NIIF 14
      1 267:NIC 19
      1 266:NIIF 12
      1 265:NIIF 10
      1 263:NIIF 7
      1 263:NIC 29
      1 261:NIIF 6
      1 259:NIIF 5
      1 257:NIIF 2
      1 255:NIIF 1
      1 249:NIIF 19

════ VIII · relación con NIC 29 (reexpresión) ════
216-Beneficio por Retiro.
217-o NIC 27 Estados Financieros Separados.
218-o NIC 28 Inversiones en Asociadas y Negocios Conjuntos.
219:o NIC 29 Información Financiera en Economías Hiperinflacionarias,
220-aplicada conjuntamente con el BA VEN-NIF 2 (versión 4).
221-o NIC 32 Instrumentos Financieros: Presentación.
222-o NIC 33 Ganancias por Acción,
223-o NIC 34 Información Financiera Intermedia.
224-o NIC 36 Deterioro del Valor de los Activos.
225-o NIC 37 Provisiones, Pasivos Contingentes y Activos Contingentes.
226-o NIC 38 Activos Intangibles.
227-o NIC 39 Instrumentos Financieros: Reconocimiento y Medición.
228-o NIC 40 Propiedades de Inversión.
229-o NIC 41 Agricultura.
230-o NIIF 2 Pagos Basados en Acciones.
231-o NIIF 3 Combinaciones de Negocios.
232-o NIIF 5 Activos no Corrientes Mantenidos para la Venta y Operaciones
233-Discontinuadas.
234-o NIIF 6 Exploración y Evaluación de Recursos Minerales.
--
260-Servicio, la Restauración y la Rehabilitación Medioambiental.
261-o CINIIF 6 Obligaciones surgidas de la Participación en Mercados
262-Específicos-Residuos de Aparatos Eléctricos y Electrónicos.
263:o CINIIF 7 Aplicación del Procedimiento de Reexpresión según la NIC 29
264-Información Financiera en Economías Hiperinflacionarias.
265-o CINIIF 10 Información Financiera Intermedia y Deterioro del Valor.
266-o CINIIF 12 Acuerdos de Concesión de Servicios.
267-o CINIIF 14 NIC 19-El Límite de un Activo por Beneficios Definidos.
268-Obligación de Mantener un Nivel Mínimo de Financiación y su Interacción.
269-o CINIIF 16 Coberturas de una Inversión Neta en un Negocio en el
270-Extranjero.
271-o CINIIF 17 Distribuciones, a los propietarios, de Activos Distintos al
272-Efectivo.
273-o CINIIF 19 Cancelación de Pasivos Financieros con Instrumentos de
274-Patrimonio.
275-o CINIIF 20 Costos de Desmonte en la Fase de Producción de una Mina a
276-Cielo Abierto.
277-o CINIIF 21 Gravámenes.
278-o CINIIF 22 Transacciones en Moneda Extranjera y Contraprestaciones

════ IX · ¿tiene asientos Dr/Cr? ════
--- total ---
0

════ X · operacionalización · verificar C1, C2, C3 ════
--- partidas ---
0
--- aritmética ---
0
--- reglas SI/ENTONCES ---
1

════ XI · JSON existente ════
{
  "id": "BA_VEN_NIF_01",
  "nombre": "Adaptación local de NIC 29 para efectos fiscales",
  "tipo": "norma_local",
  "jurisdiccion": "local",
  "jerarquia": 5,
  "fuente": "FCCPV, Resolución 2025",
  "fecha_publicacion": "2025-01-15",
  "texto_completo": "Para efectos fiscales, la reexpresión por inflación se ajusta según los lineamientos del SENIAT.",
  "condiciones_activacion": {
    "economia_hiperinflacionaria": true,
    "marco_contable": "BA_VEN_NIF"
  },
  "accion_sugerida": {
    "tipo": "activar_reexpresion",
    "metodo": "BA_VEN_NIF"
  },
  "relaciones": {
    "complementa_a": ["NIC_29"]
  },
  "prioridad_sobre_normas_nacionales": false,
  "nota_para_el_contador": "Esta norma solo aplica si el mandante utiliza el marco BA VEN NIF."
}
