=== B11 · estructura GIRO_05 · 2026-09-24 ===
--- contenido actual ---
total 107
drwx------.  2 u0_a288 u0_a288  3452 Sep 24 13:18 .
drwx------. 10 u0_a288 u0_a288  3452 Sep 24 11:36 ..
-rw-------.  1 u0_a288 u0_a288  1821 Sep 24 13:09 AUDITORIA_B10_PROMPT_SEQ_2026-09-24.log
-rw-------.  1 u0_a288 u0_a288    73 Sep 24 13:18 AUDITORIA_B11_ESTRUCTURA_2026-09-24.log
-rw-------.  1 u0_a288 u0_a288 10939 Sep 24 12:20 AUDITORIA_B2_2026-09-24.log
-rw-------.  1 u0_a288 u0_a288  6368 Sep 24 12:31 AUDITORIA_B3_2026-09-24.log
-rw-------.  1 u0_a288 u0_a288  2431 Sep 24 12:32 AUDITORIA_B4_2026-09-24.log
-rw-------.  1 u0_a288 u0_a288   511 Sep 24 12:35 AUDITORIA_B5_2026-09-24.log
-rw-------.  1 u0_a288 u0_a288  7277 Sep 24 12:38 AUDITORIA_B6_FAILS_2026-09-24.log
-rw-------.  1 u0_a288 u0_a288   850 Sep 24 12:40 AUDITORIA_B7_CWD_2026-09-24.log
-rw-------.  1 u0_a288 u0_a288  2820 Sep 24 12:41 AUDITORIA_B8_LEGACY_2026-09-24.log
-rw-------.  1 u0_a288 u0_a288  7099 Sep 24 13:08 AUDITORIA_B9_SECUENCIA_2026-09-24.log
-rw-------.  1 u0_a288 u0_a288  5991 Sep 24 12:15 AUDITORIA_RAW_B1_2026-09-24.log
-rw-------.  1 u0_a288 u0_a288 27826 Sep 24 11:42 PROMPT_AVANZADO_GIRO_05_AI1_AI2.md
-rw-------.  1 u0_a288 u0_a288  1019 Sep 24 11:45 REGISTRO_ACTOS.log
--- confirmación de carpeta por giro ---
GIRO_02/
GIRO_03/
GIRO_04/
GIRO_05/
--- actas actuales ---
ACTAS/ACTA_A-1.3_CLASIFICACION_DEFECTO_NUMERICO.md
ACTAS/ACTA_ACTIVACION_HEVNER_GIRO_03.md
ACTAS/ACTA_ANCLAJE_PROGRAMA_SCFV_2026-09-21.md
ACTAS/ACTA_APERTURA_GIRO_04_2026-09-19.md
ACTAS/ACTA_APERTURA_SESION_04_2026-09-21.md
ACTAS/ACTA_CIERRE_GIRO_03_2026-09-19.md
ACTAS/ACTA_CONGELAMIENTO_GIRO_04_2026-09-23.md
ACTAS/ACTA_CORRECCION_ESTATUTO_EXTENSION_HEVNER_GIRO_04.md
ACTAS/ACTA_DECISION_USEQ_01_GIRO_04_2026-09-23.md
ACTAS/ACTA_ENMIENDA_FRACTALIDAD_ACOTADA_MD_2026-09-24.md
ACTAS/ACTA_ENMIENDA_PROTOCOLO_19_3_BIS.md
ACTAS/ACTA_ENMIENDA_USEQ_01_GIRO_04.md
ACTAS/ACTA_EXTENSION_HEVNER_GIRO_04.md
ACTAS/ACTA_EXTENSION_HEVNER_GIRO_04_VD_FALSADA.md
ACTAS/ACTA_FIRMA_06_diseno_2026-09-21.md
ACTAS/ACTA_MATERIALIZACION_10_ADL_SCFV_2026-09-22.md
ACTAS/ACTA_MATERIALIZACION_11_SOPORTE_MINIMO_2026-09-22.md
ACTAS/ACTA_MATERIALIZACION_12_EXTENSION_GRAMATICA_2026-09-22.md
ACTAS/ACTA_MATERIALIZACION_13_SINTAXIS_CONCRETA_2026-09-22.md
ACTAS/ACTA_MATERIALIZACION_14_DSL_ADL_2026-09-22.md
ACTAS/ACTA_MATERIALIZACION_15_SCFV_EXTENDIDOS_2026-09-22.md
ACTAS/ACTA_MATERIALIZACION_16_CORRESPONDENCIA_2026-09-22.md
ACTAS/ACTA_RESPUESTA_CALDERON_2026-09-19.md
--- PATRÓN: ¿cada giro tiene su carpeta? ---
GIRO_01: no
GIRO_02: GIRO_02
sí
GIRO_03: GIRO_03
sí
GIRO_04: GIRO_04
sí
GIRO_05: GIRO_05
sí
