=== B37 · OCR Baldor · alcance real · 2026-09-24 ===
════ I · conteo exacto de OCR ════
50
pag-001.txt
pag-002.txt
pag-003.txt
pag-004.txt
pag-005.txt
pag-006.txt
pag-007.txt
pag-008.txt
pag-009.txt
pag-010.txt
pag-011.txt
pag-012.txt
pag-013.txt
pag-014.txt
pag-015.txt
pag-016.txt
pag-017.txt
pag-018.txt
pag-019.txt
pag-020.txt
pag-021.txt
pag-022.txt
pag-023.txt
pag-024.txt
pag-025.txt
pag-026.txt
pag-027.txt
pag-028.txt
pag-029.txt
pag-030.txt
pag-031.txt
pag-032.txt
pag-033.txt
pag-034.txt
pag-035.txt
pag-036.txt
pag-037.txt
pag-038.txt
pag-039.txt
pag-040.txt
pag-041.txt
pag-042.txt
pag-043.txt
pag-044.txt
pag-045.txt
pag-046.txt
pag-047.txt
pag-048.txt
pag-049.txt
pag-050.txt
--- tmp ---
7
p-001.png
p-002.png
p-003.png
p-004.png
p-005.png
p-006.png
p-007.png

════ II · ¿hay pag-051 en algún lado? ════

════ III · otras carpetas OCR ocultas ════

════ IV · ¿hay PDF completo del Baldor? ════
0
--- PDFs con Baldor en el nombre ---

════ V · metadatos del raw actual ════
  Size: 185043    	Blocks: 368        IO Block: 4096   regular file
Modify: 2026-09-23 00:01:19.396302535 -0400
════════════════════════════════════════════════════════════════
  PÁGINA 1 — ALGEBRA DE BALDOR
════════════════════════════════════════════════════════════════
(m—n—m—r-1). - 10. (20—b—ey(20—b+c).



════ VI · última página OCR real · contenido ════
=0 beÉ R

16) Efectuar (2x 4 3y — de |(2x — 3y + 4z|.
12x + 3y — Azl(2x — 3y + 42) = [2x + (3y —424] [2x — 3y — 42)]
=121)* — (3y —azP

3 — (9y* — 24y2 + 167?)
=r 9y 4-24yz — 1622. R-

MN

EJERCICIO 65
Escribir, por simple inspección, el resultado de:

(xty+D(a-+y—2). 0. (xIy-2)Xx-y+2). 11 (2xhy-22x—y+z).
(x—y+(x49—2). T (nº+2n+l)(n*—2n—l). 12. (x?—5x+6)(x2-+5x—0).
(ay +z)(x—y-—2). B (a*-2043)(a>+2a-3), 13, (a?—ab-+b%a?+b3-4ab

(mbn+1(m+9—1). . (m*—m—iymi+m—l) — 14. (x4—x*—(x"+x74x)
(m—n—m—r-1). - 10. (20—b—ey(20—b+c).

════ VII · BIBLIOTECA · Baldor ficha ════

════ VIII · Downloads · buscar cualquier Baldor ════
ALGEBRA_de_BALDOR.pdf
273
