=== B13 · falsación material de las tres propuestas · 2026-09-24 ===

=== F-CC-1/2 · Sampieri L6740 y loci de CITAS_CANON ===
--- Sampieri L923 ---
  bibliográficas siguiendo el estilo de la American Psychological Association (APA). Este software te
--- Sampieri L942 ---
• Manual de introducción al estilo APA para citas y referencias (American Psychological Association),
--- Sampieri L6740 ---
    se usan las palabras exactas (cita textual), se parafrasea, se resume o infiere, siempre debe ser referido
--- Sampieri L38631 ---
                 Son las fuentes primarias consultadas y utilizadas por ti para elaborar el documento; las incluyes al
--- Sampieri L38632 ---
                 final del reporte, ordenadas alfabéticamente y siguiendo un estilo de publicaciones (APA, Harvard,
--- Sampieri L38655 ---
                 citar las referencias en el texto del informe e incluirlas en la bibliografía (lista de referencias), así como
--- Sampieri L38660 ---
                 1. APA (American Psychological Association)

=== F-CC-3 · XNOR ¿tiene obra? ===
63:    KERNEL · XNOR + Baldor
189:    XNOR · operador booleano definido sobre {0,1}×{0,1} → {0,1}.
195:        Deuda D-BOOLE-2 (Boole no nombra XNOR).
202:    Estado: XNOR operativo, Baldor no operativo.
264:    XNOR        · conjetura algebraica
519:    - D-BOOLE-2 · Boole no nombra XNOR.
no raw XNOR
/data/data/com.termux/files/home/.boole_analysis_logic_raw.txt

=== F-CC-4 · Baldor edición/año ===
════════════════════════════════════════════════════════════════
  PÁGINA 1 — ALGEBRA DE BALDOR
════════════════════════════════════════════════════════════════
A. BALDOR

GEBRA

1E



════════════════════════════════════════════════════════════════
  PÁGINA 2 — ALGEBRA DE BALDOR
════════════════════════════════════════════════════════════════
PRELIMINARES

ALGEBRA es la rama de Ja Matemática que estudía la cantidad consi-
derada del modo más general posible.

(DCARACT!I DEL ALGEBRA Y SU DIFERENCIA
198:Las edades de A y B suman 48 años. Si la edad de B es 5 veces la
203:Edad de 4 más edad de B=48 años.
205:Edad de A más 5 veces la edad de 4 =148 años,
206:O sea, 6 veces la edad de 4 =48 años;
213:Como ambas edades suman 48 años, tendremos:
214:* +5x =48 años;
215:o nea, Ux =48 años.
219:Si 6 veces x equivale a 48 años, x valdrá la sexta parte de 46 años,
250:tiempo transcurrido antes de Cristo, negativo. Asi, +150 años significa
251:150 años D. C. y — 78 años significa 78 años A.C.

=== F-CC-5 · Rodríguez 1840 ===
73:Partidos (1840)
77:Extractos (1840)
81:Luces y virtudes sociales (1840)
12131:Partidos (1840)
12137:El primer artículo de Simón Rodríguez, en “El Mercurio” de Valparaíso, el 11 de febrero de 1840.
12145:13, 14, 18, 20, 21, 22, 24, 26 y 28 de febrero de 1840.
12810:Extractos (1840)
12816:El Mercurio de Valparaíso, de 27 de febrero de 1840, con un extracto de Sociedades
12831:Valparaíso durante el mes de febrero de 1840. Los lectores del
12848:Los lectores de El Mercurio conocieron de la primera publicación del autor el 27 de febrero de 1840.
SIMÓN RODRÍGUEZ
OBRAS COMPLETAS

Consejo Directivo
Dra. Ana Alejandrina Reyes Páez
Rectora
Dr. Adrián Padilla Fernández
Vicerrector Académico
Prof. Pedro Hutman
Vicerrector Administrativo
Dr. Oscar Rodríguez Pérez
Secretario
Dra. Wintila Guacarán
Directora de la Secretaría del Consejo Directivo
Dra. Daissy Trinidad Marcano
Representante del Ministerio de Educación Universitaria
Prof. Dionino Berardinelli
Representante Profesoral
Br. Juan Ernesto Pinto
Representante Estudiantil

Simón Rodríguez, Obras Completas
Msc. Zenobia Marcano
Directora de Publicaciones y Comunicación
Luis Durán
Coordinador de Publicaciones
Dr. Carlos H. Jorge
Dr. Juan José Rosales
Compiladores
Lic. Alí Viloria Cruz

=== F-CC-6 · orden alfabético y CATEGORÍAS ===

=== F-GA-1 · orden 01_idea vs 00_SCFV_L ===
-rw-------. 1 u0_a288 u0_a288 15971 Sep 20 08:08 GIRO_04/00_SCFV_L.md
-rw-------. 1 u0_a288 u0_a288 11349 Sep 20 08:01 GIRO_04/01_idea.md
# SCFV-L

**GIRO_04 · PROGRAMA_DE_INVESTIGACION_SCFV**

**Documento:** Propuesta de unificación documental y semántica del vocabulario del Programa
**Versión:** Consolidada para decisión del Operador
**Naturaleza:** Investigación documental y semántica interna
**Función:** Unificación progresiva del vocabulario distribuido del Programa
**Relación con `01_idea.md`:** Paralela e independiente
**Materialización:** Pendiente de autorización del Operador
# IDEA_INVESTIGACION_01

**GIRO_04 · PROGRAMA_DE_INVESTIGACION_SCFV**

**Documento:** Idea de investigación
**Versión:** Consolidada para decisión del Operador
**Nivel:** IDEA_EN_TRANSICION → PLANTEAMIENTO
**Naturaleza:** Investigación interna del Programa de Investigación SCFV
**Materialización:** Pendiente de autorización del Operador
**Referencia metodológica:** Sampieri (2018), Capítulo 2

=== F-GA-4 · §22 de 00_SCFV_L ===
462:## §22. RELACIÓN CON `01_idea.md`
428:> «documento paralelo de investigación documental y semántica del Giro 04.»
429-
430-No constituye:
431-
432-- una aporía;
433-- una resolución definitiva del CANON;
--
464:`00_SCFV_L.md` y `01_idea.md` son objetos paralelos del Giro 04.
465-
466-`01_idea.md` desarrolla una línea de investigación sobre:
467-
468-> «TRAYECTORIA_ESTADO y EVALUACION_TRAYECTORIA.»
469-

=== F-GA-5 · SCFV-L §13 y §14 ===
303:## §13. IDENTIFICADORES HISTÓRICOS
319:## §14. PRINCIPIO DE NO-BORRADO
## §13. IDENTIFICADORES HISTÓRICOS

Los identificadores `HL-XXX` conservan su carácter de genealogía documental.

SCFV-L no los reemplaza ni los renumera.

Cuando resulte útil, podrá presentarse:

> «TRAYECTORIA_ESTADO [HL-XXX]»

de modo que el nombre semántico facilite la consulta mientras el identificador histórico conserva la trazabilidad.

El identificador histórico permanece inmutable.

---

## §14. PRINCIPIO DE NO-BORRADO

La unificación documental no debe borrar la historia terminológica.

Para cada modificación relevante deberá poder conservarse, cuando exista:

- qué se modificó;
- dónde;
- cuándo;
- por qué;
- qué relación tiene con formulaciones anteriores;
- qué fuente respalda el cambio.

SCFV-L busca unificar la consulta sin destruir la genealogía.

---

## §15. CAPA SEMÁNTICA PROPUESTA

=== F-GA-2 · hashes completos en REGISTRO_ACTOS ===
2026-09-24T15:42:04Z | PROMPT_AVANZADO_GIRO_05_AI1_AI2 | HASH_PREVIO=9fa48acb5338ef205dc8c51c69c34137a58b48e4887952f2099204254d770144 | /data/data/com.termux/files/home/Programa-de-Investigacion-SCFV/GIRO_05/PROMPT_AVANZADO_GIRO_05_AI1_AI2.md
2026-09-24T15:42:04Z | PROMPT_AVANZADO_GIRO_05_AI1_AI2 | HASH_FINAL=b250e3b282ed798af8b092208763de1e1040664171734b6a7c80036dc7f716d5
2026-09-24T15:44:14Z | ACTA_ENMIENDA_FRACTALIDAD_ACOTADA_MD_2026-09-24 | HASH_PREVIO=4baf3b359e0752296406341c11d6f2ea5659c9e32ae8fbd2f62708bcdd16af9b | /data/data/com.termux/files/home/Programa-de-Investigacion-SCFV/ACTAS/ACTA_ENMIENDA_FRACTALIDAD_ACOTADA_MD_2026-09-24.md
2026-09-24T15:44:14Z | ACTA_ENMIENDA_FRACTALIDAD_ACOTADA_MD_2026-09-24 | HASH_FINAL=43873eb60ee091e610530213189e321ef0a3c97747182860cb0d5a5a7e4edaf4
2026-09-24T15:45:07Z | ACTA_ENMIENDA_FRACTALIDAD_ACOTADA_MD_2026-09-24 | HASH_POST_CORRECCION=900d23cf0e475b614e5583121f6e6f3405a101eee08fa3330414ae7ec5889b0b | Corrección de línea defectuosa en constancia del Operador
2026-09-24T17:22:32Z | IDEAS_GIRO_05 | HASH_PREVIO=N/A | /data/data/com.termux/files/home/Programa-de-Investigacion-SCFV/GIRO_05/ideas.md
2026-09-24T17:22:32Z | IDEAS_GIRO_05 | HASH_FINAL=6ae8661d702d51cb9adfc617fcb9784acb60619243dc6486d24358663d641afb

=== F-GA-3 · los tres hashes del Acto 2 ===
GIRO_05/REGISTRO_ACTOS.log:3:2026-09-24T15:44:14Z | ACTA_ENMIENDA_FRACTALIDAD_ACOTADA_MD_2026-09-24 | HASH_PREVIO=4baf3b359e0752296406341c11d6f2ea5659c9e32ae8fbd2f62708bcdd16af9b | /data/data/com.termux/files/home/Programa-de-Investigacion-SCFV/ACTAS/ACTA_ENMIENDA_FRACTALIDAD_ACOTADA_MD_2026-09-24.md
GIRO_05/REGISTRO_ACTOS.log:4:2026-09-24T15:44:14Z | ACTA_ENMIENDA_FRACTALIDAD_ACOTADA_MD_2026-09-24 | HASH_FINAL=43873eb60ee091e610530213189e321ef0a3c97747182860cb0d5a5a7e4edaf4
GIRO_05/REGISTRO_ACTOS.log:5:2026-09-24T15:45:07Z | ACTA_ENMIENDA_FRACTALIDAD_ACOTADA_MD_2026-09-24 | HASH_POST_CORRECCION=900d23cf0e475b614e5583121f6e6f3405a101eee08fa3330414ae7ec5889b0b | Corrección de línea defectuosa en constancia del Operador

=== hashes actuales de los tres actos ===
b250e3b282ed798af8b092208763de1e1040664171734b6a7c80036dc7f716d5  GIRO_05/PROMPT_AVANZADO_GIRO_05_AI1_AI2.md
900d23cf0e475b614e5583121f6e6f3405a101eee08fa3330414ae7ec5889b0b  ACTAS/ACTA_ENMIENDA_FRACTALIDAD_ACOTADA_MD_2026-09-24.md
6ae8661d702d51cb9adfc617fcb9784acb60619243dc6486d24358663d641afb  GIRO_05/ideas.md
