════ B58 · NIC 2 en PDF + NIIF 18 cuerpo · Thu Sep 24 23:05:19 -04 2026 ════

════ I · PDF NIIF Perú · ¿tiene NIC 2? ════
-rwxrwx---. 1 u0_a216 media_rw 8529677 Sep 23 11:25 /data/data/com.termux/files/home/storage/downloads/NIIF_Actualizadas_2025_Peru.pdf
Pages:           1308
--- ¿tiene texto o es escaneado? ---
Marco Conceptual

El Marco Conceptual para la Información Financiera
El Marco Conceptual para la Información Financiera fue emitido por el Consejo de Normas Internacionales de
Contabilidad en septiembre de 2010. Fue revisado en marzo de 2018.

© IFRS Foundation

1

Marco Conceptual

ÍNDICE
desde el párrafo
ESTATUS Y PROPÓSITO DEL MARCO CONCEPTUAL

SP1.1

CAPÍTULO 1—EL OBJETIVO DE LA INFORMACIÓN
FINANCIERA CON PROPÓSITO GENERAL

--- buscar NIC 2 en todo el PDF ---
7852:los inventarios se desagregarán, de acuerdo con la NIC 2 Inventarios, en clasificaciones tales
7854:[Referencia: párrafo 37, NIC 2]
9464:NIC 2
9550:NIC 2
9630:NIC 2
9666:El Comité concluyó que la NIC 2 Inventarios "se aplica a las criptomonedas cuando se mantienen
9667:para la venta en el curso ordinario del negocio. Si la NIC 2 no es aplicable, una entidad aplicará la
9705:NIC 2
9725:La NIC 2 se aplica a los inventarios de activos intangibles. El párrafo 6 de esa Norma define
9740:entidad y, en consecuencia, se aplicará la NIC 2 a esa tenencia.
9743:la NIC 2 para los intermediarios que comercian con materias primas cotizadas que miden sus
9744:inventarios a valor razonable menos costos de venta. El párrafo 5 de la NIC 2 señala que los
9758:la NIC 2 para criptomonedas mantenidas para la venta en el curso ordinario del negocio; y (ii) por
9779:NIC 2
9788:NIC 2 Inventarios—Contabilización de los inventarios básicos”
9802:La cuestión es si los inventarios básicos deben contabilizarse según la NIC 16 o la NIC 2.
9818:NIC 2 y NIC 16. En ausencia de esta evidencia, el Comité de Interpretaciones decidió eliminar este
9822:[IFRIC® Update, junio de 2021, Decisión de Agenda, «NIC 2 Inventarios—Costos Necesarios para
9828:El párrafo 6 de la NIC 2 define el valor neto realizable como «el precio de venta estimado en el
9830:necesarios para realizar la venta». Los párrafos 28 a 33 de la NIC 2 incluyen requerimientos

════ II · NIIF 18 · ¿cuerpo completo? ════
  4956 203361 /data/data/com.termux/files/home/.niif18_2024_raw.txt
--- primeros párrafos ---
NIIF 18

Norma internacional de información financiera 18
Presentación y revelación de información en los
estados financieros
Objetivo
1

Esta Norma establece los requisitos para la presentación y revelación de información en los estados
financieros con propósito general (denominados «estados financieros») con el fin de contribuir a garantizar
que dichos estados proporcionen información pertinente y que represente de manera fiel los activos, los
pasivos, el patrimonio neto, los ingresos y los gastos de la entidad.

Ámbito de aplicación
2

La entidad aplicará esta Norma al presentar y revelar información en los estados financieros
elaborados de acuerdo con las normas NIIF de contabilidad.

3

Esta Norma establece los requisitos generales y específicos para la presentación de información en el
estado o estados de rendimiento financiero, el estado de situación financiera y el estado de cambios en
el patrimonio neto. Asimismo, esta Norma establece los requisitos para la revelación de información en
las notas. La NIC 7 Estado de flujos de efectivo establece los requisitos para la presentación y revelación
de información sobre flujos de efectivo. No obstante, los requisitos generales relativos a los estados
financieros que figuran en los párrafos 9 a 43 y 113 a 114 se aplicarán al estado de flujos de efectivo.

4

En otras normas NIIF de contabilidad se establecen los requisitos de reconocimiento, valoración,
presentación y revelación respecto de transacciones y otros hechos específicos.

5

Esta Norma no se aplicará a la presentación y revelación de información en los estados financieros
intermedios condensados que hayan sido elaborados en aplicación de la NIC 34 Información financiera
intermedia. Sin embargo, los párrafos 41 a 45 y 117 a 125 se aplicarán a dichos estados financieros.

6

Esta Norma utiliza terminología adaptada a las entidades con ánimo de lucro, incluidas las entidades
empresariales del sector público. Si aplican esta Norma entidades del sector privado o del sector público
que ejercen actividades sin ánimo de lucro, es posible que deban modificar las descripciones utilizadas
para ciertos epígrafes, categorías, subtotales o totales de los estados financieros e incluso para los
propios estados financieros.

7

De forma análoga, las entidades que carezcan de patrimonio neto, de acuerdo con la definición de la NIC
32 Instrumentos financieros: Presentación (por ejemplo, algunos fondos de inversión colectiva), y aquellas
entidades cuyo capital social no sea patrimonio neto (por ejemplo, algunas entidades cooperativas)
podrían tener que adaptar la presentación en los estados financieros de las participaciones de los
miembros o partícipes.

8

Muchas entidades proporcionan un análisis financiero elaborado por la dirección e independiente de los
estados financieros (véase el párrafo 10) en el que se describen y explican las características principales
del rendimiento financiero y la situación financiera de la entidad, así como las principales incertidumbres

--- ¿hasta qué párrafo llega? ---
3229:31
3315:32
3418:33
3505:34
3603:35
3615:36
3808:37
3866:38
3987:39
4063:40
4168:41
4232:110
4240:42
4383:43
4466:44
4580:45
4683:46
4772:47
4841:48
4955:49

════ III · Pymes S3 (Presentación) · cuerpo ════
S3 cuerpo en L3182
Sección 3
Presentación de Estados Financieros
Alcance de esta sección
3.1

Esta sección explica la presentación razonable de los estados financieros, los
requerimientos para el cumplimiento con los requerimientos de la Norma de
Contabilidad NIIF para las PYMES y qué es un conjunto completo de estados
financieros.

Presentación razonable
3.2

Los estados financieros presentarán razonablemente la situación financiera,
el rendimiento financiero y los flujos de efectivo de una entidad. La
presentación razonable requiere la representación fiel de los efectos de las
transacciones, otros sucesos y condiciones, de acuerdo con las definiciones y
criterios de reconocimiento de activos, pasivos, ingresos y gastos
establecidos en la Sección 2 Conceptos y Principios Fundamentales:
(a)

Se supone que la aplicación de la Norma de Contabilidad NIIF para las
PYMES, con información adicional a revelar cuando sea necesario, dará
lugar a estados financieros que logren una presentación razonable de
la situación financiera, el rendimiento financiero y los flujos de
efectivo de las PYMES.

(b)

La aplicación de esta Norma por parte de una entidad con obligación
pública de rendir cuentas no da como resultado una presentación
razonable de acuerdo con esta Norma (véase el párrafo 1.5).

La información adicional a revelar a la que se ha hecho referencia en (a) es
necesaria cuando el cumplimiento con requerimientos específicos de esta
Norma es insuficiente para permitir entender a los usuarios el efecto de
transacciones concretas, otros sucesos y condiciones sobre la situación
financiera y rendimiento financiero de la entidad.

Cumplimiento con la Norma de Contabilidad NIIF para las PYMES
3.3

Una entidad cuyos estados financieros cumplan la Norma de Contabilidad NIIF
para las PYMES efectuará en las notas una declaración, explícita y sin reservas
de dicho cumplimiento. Los estados financieros no deberán señalar que
cumplen la Norma de Contabilidad NIIF para las PYMES a menos que cumplan
con todos los requerimientos de esta Norma.

3.4

En las circunstancias extremadamente excepcionales de que la gerencia
concluya que el cumplimiento de esta Norma podría inducir a tal error que
entrara en conflicto con el objetivo de los estados financieros de las PYMES
establecido en la Sección 2, la entidad no lo aplicará, según se establece en el
párrafo 3.5, a menos que el marco regulador aplicable prohíba esta falta de
aplicación.

46

© IFRS Foundation

NORMA DE CONTABILIDAD NIIF PARA LAS PYMES
3.5

Cuando una entidad no aplique un requerimiento de esta Norma de acuerdo
con el párrafo 3.4, revelará:
(a)

que la gerencia ha llegado a la conclusión de que los estados
financieros presentan razonablemente la situación financiera, el
rendimiento financiero y los flujos de efectivo;

(b)

Que se ha cumplido con la Norma de Contabilidad NIIF para las PYMES,
excepto que ha dejado de aplicar un requerimiento concreto para
lograr una presentación razonable; y

(c)

la naturaleza de la falta de aplicación, incluyendo el tratamiento que la
Norma de Contabilidad NIIF para las PYMES requeriría, la razón por la
que ese tratamiento sería en las circunstancias tan engañoso como
para entrar en conflicto con el objetivo de los estados financieros
establecido en la Sección 2 y el tratamiento adoptado.

3.6

Cuando una entidad haya dejado de aplicar, en algún periodo anterior, un
requerimiento de esta Norma, y eso afecte a los importes reconocidos en los
estados financieros del periodo actual, revelará la información establecida en
el párrafo 3.5(c).

3.7

En las circunstancias extremadamente excepcionales en que la gerencia
concluya que cumplir con un requerimiento de esta Norma sería tan engañoso
como para entrar en conflicto con el objetivo de los estados financieros de las
PYMES establecido en la Sección 2, pero el marco regulador prohibiera dejar
de aplicar el requerimiento, la entidad reducirá, en la mayor medida posible,
los aspectos de cumplimiento que perciba como causantes del engaño,

════ IV · NIIF 18 vs Pymes S3 · solapamiento temático ════
--- conceptos clave ---
estado de situación financiera · NIIF18: 28 · Pymes: 45
estado del resultado · NIIF18: 0 · Pymes: 34
presentación razonable · NIIF18: 0 · Pymes: 6
materialidad · NIIF18: 0 · Pymes: 7
compensación · NIIF18: 4 · Pymes: 17
frecuencia · NIIF18: 1 · Pymes: 8

════ V · NIC 2 en otro PDF individual ════

════ VI · NIIF 18 vs NIC 1 · son el mismo tema? ════
--- NIC 1 párrafos 1-4 en niif_peru ---
6152:[IFRIC® Update—mayo de 2014, Decisión de Agenda, “NIC 1 Presentación de Estados
6497:negocio en marcha (como se describe en el párrafo 25 de la NIC 1 Presentación de Estados
6533:[IFRIC® Update, Julio de 2014, Decisión de Agenda, “NIC 1 Presentación de Estados Financieros—
6929:[IFRIC® Update—mayo de 2014, Decisión de Agenda, “NIC 1 Presentación de Estados
7153:[IFRIC® Update, septiembre de 2019, Decisión de Agenda, «NIC 1 Presentación de Estados
28771:NIC 1 Presentación de Estados Financieros y el párrafo 20 de la NIIF 7 Instrumentos Financieros:
47524:NIC 1 Presentación de Estados Financieros. Entre los ejemplos de los eventos citados están la declaración
47698:NIC 1 Presentación de Estados Financieros (revisada en 2007)
49783:NIC 1 Presentación de Estados Financieros
50899:NIC 1 Presentación de Estados Financieros (revisada en 2007)
51154:NIC 1 Presentación de Estados Financieros
51346:NIC 1 Presentación de Estados Financieros
51608:NIC 1 Presentación de Estados Financieros
52091:NIC 1 Presentación de Estados Financieros
52379:NIC 1 Presentación de Estados Financieros; y
